Component: ARM Compiler 5.06 update 7 (build 960) Tool: armlink [4d3601]

==============================================================================

Section Cross References

    startup_stm32g431xx.o(STACK) refers (Special) to heapauxi.o(.text) for __use_two_region_memory
    startup_stm32g431xx.o(HEAP) refers (Special) to heapauxi.o(.text) for __use_two_region_memory
    startup_stm32g431xx.o(RESET) refers (Special) to heapauxi.o(.text) for __use_two_region_memory
    startup_stm32g431xx.o(RESET) refers to startup_stm32g431xx.o(STACK) for __initial_sp
    startup_stm32g431xx.o(RESET) refers to startup_stm32g431xx.o(.text) for Reset_Handler
    startup_stm32g431xx.o(RESET) refers to stm32g4xx_it.o(i.NMI_Handler) for NMI_Handler
    startup_stm32g431xx.o(RESET) refers to stm32g4xx_it.o(i.HardFault_Handler) for HardFault_Handler
    startup_stm32g431xx.o(RESET) refers to stm32g4xx_it.o(i.MemManage_Handler) for MemManage_Handler
    startup_stm32g431xx.o(RESET) refers to stm32g4xx_it.o(i.BusFault_Handler) for BusFault_Handler
    startup_stm32g431xx.o(RESET) refers to stm32g4xx_it.o(i.UsageFault_Handler) for UsageFault_Handler
    startup_stm32g431xx.o(RESET) refers to stm32g4xx_it.o(i.SVC_Handler) for SVC_Handler
    startup_stm32g431xx.o(RESET) refers to stm32g4xx_it.o(i.DebugMon_Handler) for DebugMon_Handler
    startup_stm32g431xx.o(RESET) refers to stm32g4xx_it.o(i.PendSV_Handler) for PendSV_Handler
    startup_stm32g431xx.o(RESET) refers to stm32g4xx_it.o(i.SysTick_Handler) for SysTick_Handler
    startup_stm32g431xx.o(RESET) refers to stm32g4xx_it.o(i.USB_LP_IRQHandler) for USB_LP_IRQHandler
    startup_stm32g431xx.o(RESET) refers to stm32g4xx_it.o(i.TIM1_UP_TIM16_IRQHandler) for TIM1_UP_TIM16_IRQHandler
    startup_stm32g431xx.o(RESET) refers to stm32g4xx_it.o(i.SPI1_IRQHandler) for SPI1_IRQHandler
    startup_stm32g431xx.o(.text) refers (Special) to heapauxi.o(.text) for __use_two_region_memory
    startup_stm32g431xx.o(.text) refers to system_stm32g4xx.o(i.SystemInit) for SystemInit
    startup_stm32g431xx.o(.text) refers to __main.o(!!!main) for __main
    startup_stm32g431xx.o(.text) refers to startup_stm32g431xx.o(HEAP) for Heap_Mem
    startup_stm32g431xx.o(.text) refers to startup_stm32g431xx.o(STACK) for Stack_Mem
    main.o(i.SystemClock_Config) refers to rt_memclr_w.o(.text) for __aeabi_memclr4
    main.o(i.SystemClock_Config) refers to stm32g4xx_hal_pwr_ex.o(i.HAL_PWREx_ControlVoltageScaling) for HAL_PWREx_ControlVoltageScaling
    main.o(i.SystemClock_Config) refers to stm32g4xx_hal_rcc.o(i.HAL_RCC_OscConfig) for HAL_RCC_OscConfig
    main.o(i.SystemClock_Config) refers to main.o(i.Error_Handler) for Error_Handler
    main.o(i.SystemClock_Config) refers to stm32g4xx_hal_rcc.o(i.HAL_RCC_ClockConfig) for HAL_RCC_ClockConfig
    main.o(i.main) refers to stm32g4xx_hal.o(i.HAL_Init) for HAL_Init
    main.o(i.main) refers to main.o(i.SystemClock_Config) for SystemClock_Config
    main.o(i.main) refers to gpio.o(i.MX_GPIO_Init) for MX_GPIO_Init
    main.o(i.main) refers to tim.o(i.MX_TIM1_Init) for MX_TIM1_Init
    main.o(i.main) refers to usart.o(i.MX_USART3_UART_Init) for MX_USART3_UART_Init
    main.o(i.main) refers to usb.o(i.MX_USB_PCD_Init) for MX_USB_PCD_Init
    main.o(i.main) refers to spi.o(i.MX_SPI1_Init) for MX_SPI1_Init
    main.o(i.main) refers to mt6816.o(i.MT6816_SPI_Signal_Init) for MT6816_SPI_Signal_Init
    main.o(i.main) refers to foc_app.o(i.FOC_Init) for FOC_Init
    main.o(i.main) refers to debug.o(i.Debug_Task) for Debug_Task
    main.o(i.main) refers to stm32g4xx_hal.o(i.HAL_Delay) for HAL_Delay
    gpio.o(i.MX_GPIO_Init) refers to rt_memclr_w.o(.text) for __aeabi_memclr4
    gpio.o(i.MX_GPIO_Init) refers to stm32g4xx_hal_gpio.o(i.HAL_GPIO_WritePin) for HAL_GPIO_WritePin
    gpio.o(i.MX_GPIO_Init) refers to stm32g4xx_hal_gpio.o(i.HAL_GPIO_Init) for HAL_GPIO_Init
    spi.o(i.HAL_SPI_MspDeInit) refers to stm32g4xx_hal_gpio.o(i.HAL_GPIO_DeInit) for HAL_GPIO_DeInit
    spi.o(i.HAL_SPI_MspDeInit) refers to stm32g4xx_hal_cortex.o(i.HAL_NVIC_DisableIRQ) for HAL_NVIC_DisableIRQ
    spi.o(i.HAL_SPI_MspInit) refers to rt_memclr_w.o(.text) for __aeabi_memclr4
    spi.o(i.HAL_SPI_MspInit) refers to stm32g4xx_hal_gpio.o(i.HAL_GPIO_Init) for HAL_GPIO_Init
    spi.o(i.HAL_SPI_MspInit) refers to stm32g4xx_hal_cortex.o(i.HAL_NVIC_SetPriority) for HAL_NVIC_SetPriority
    spi.o(i.HAL_SPI_MspInit) refers to stm32g4xx_hal_cortex.o(i.HAL_NVIC_EnableIRQ) for HAL_NVIC_EnableIRQ
    spi.o(i.MX_SPI1_Init) refers to stm32g4xx_hal_spi.o(i.HAL_SPI_Init) for HAL_SPI_Init
    spi.o(i.MX_SPI1_Init) refers to main.o(i.Error_Handler) for Error_Handler
    spi.o(i.MX_SPI1_Init) refers to spi.o(.bss) for .bss
    tim.o(i.HAL_TIM_Base_MspDeInit) refers to stm32g4xx_hal_cortex.o(i.HAL_NVIC_DisableIRQ) for HAL_NVIC_DisableIRQ
    tim.o(i.HAL_TIM_Base_MspInit) refers to stm32g4xx_hal_cortex.o(i.HAL_NVIC_SetPriority) for HAL_NVIC_SetPriority
[...]
    i.Error_Handler                          0x080008c0   Section        0  main.o(i.Error_Handler)
    i.FOC_App_Run                            0x080008c4   Section        0  foc_app.o(i.FOC_App_Run)
    i.FOC_Init                               0x080008d0   Section        0  foc_app.o(i.FOC_Init)
    i.FOC_Motor_Init                         0x08000964   Section        0  foc_motor.o(i.FOC_Motor_Init)
    i.FOC_Motor_Run                          0x08000980   Section        0  foc_motor.o(i.FOC_Motor_Run)
    i.FOC_PWM_HW_Init                        0x08000998   Section        0  foc_hw.o(i.FOC_PWM_HW_Init)
    i.FOC_PWM_HW_ON_OFF                      0x080009c8   Section        0  foc_hw.o(i.FOC_PWM_HW_ON_OFF)
    i.FOC_PWM_Init                           0x08000a60   Section        0  foc_pwm.o(i.FOC_PWM_Init)
    i.FOC_PWM_Run                            0x08000a6a   Section        0  foc_pwm.o(i.FOC_PWM_Run)
    i.FOC_RUN_SPWM                           0x08000a8c   Section        0  foc_pwm.o(i.FOC_RUN_SPWM)
    FOC_RUN_SPWM                             0x08000a8d   Thumb Code   216  foc_pwm.o(i.FOC_RUN_SPWM)
    i.FOC_Rev_Clarke                         0x08000b68   Section        0  foc_math.o(i.FOC_Rev_Clarke)
    i.FOC_Rev_Park                           0x08000ba8   Section        0  foc_math.o(i.FOC_Rev_Park)
    i.FOC_VF_Angle_Calc                      0x08000bf6   Section        0  foc_vf.o(i.FOC_VF_Angle_Calc)
    i.FOC_VF_Init                            0x08000c24   Section        0  foc_vf.o(i.FOC_VF_Init)
    i.HAL_DMA_Abort_IT                       0x08000c32   Section        0  stm32g4xx_hal_dma.o(i.HAL_DMA_Abort_IT)
    i.HAL_Delay                              0x08000ca8   Section        0  stm32g4xx_hal.o(i.HAL_Delay)
    i.HAL_GPIO_Init                          0x08000ccc   Section        0  stm32g4xx_hal_gpio.o(i.HAL_GPIO_Init)
    i.HAL_GPIO_WritePin                      0x08000e84   Section        0  stm32g4xx_hal_gpio.o(i.HAL_GPIO_WritePin)
    i.HAL_GetTick                            0x08000e90   Section        0  stm32g4xx_hal.o(i.HAL_GetTick)
    i.HAL_IncTick                            0x08000e9c   Section        0  stm32g4xx_hal.o(i.HAL_IncTick)
    i.HAL_Init                               0x08000eac   Section        0  stm32g4xx_hal.o(i.HAL_Init)
    i.HAL_InitTick                           0x08000ecc   Section        0  stm32g4xx_hal.o(i.HAL_InitTick)
    i.HAL_MspInit                            0x08000f18   Section        0  stm32g4xx_hal_msp.o(i.HAL_MspInit)
    i.HAL_NVIC_EnableIRQ                     0x08000f48   Section        0  stm32g4xx_hal_cortex.o(i.HAL_NVIC_EnableIRQ)
    i.HAL_NVIC_SetPriority                   0x08000f64   Section        0  stm32g4xx_hal_cortex.o(i.HAL_NVIC_SetPriority)
    i.HAL_NVIC_SetPriorityGrouping           0x08000fa4   Section        0  stm32g4xx_hal_cortex.o(i.HAL_NVIC_SetPriorityGrouping)
    i.HAL_PCDEx_ActivateLPM                  0x08000fc8   Section        0  stm32g4xx_hal_pcd_ex.o(i.HAL_PCDEx_ActivateLPM)
    i.HAL_PCDEx_LPM_Callback                 0x08000fec   Section        0  stm32g4xx_hal_pcd_ex.o(i.HAL_PCDEx_LPM_Callback)
    i.HAL_PCD_DataInStageCallback            0x08000fee   Section        0  stm32g4xx_hal_pcd.o(i.HAL_PCD_DataInStageCallback)
    i.HAL_PCD_DataOutStageCallback           0x08000ff0   Section        0  stm32g4xx_hal_pcd.o(i.HAL_PCD_DataOutStageCallback)
    i.HAL_PCD_EP_DB_Receive                  0x08000ff2   Section        0  stm32g4xx_hal_pcd.o(i.HAL_PCD_EP_DB_Receive)
    HAL_PCD_EP_DB_Receive                    0x08000ff3   Thumb Code   236  stm32g4xx_hal_pcd.o(i.HAL_PCD_EP_DB_Receive)
    i.HAL_PCD_EP_DB_Transmit                 0x080010de   Section        0  stm32g4xx_hal_pcd.o(i.HAL_PCD_EP_DB_Transmit)
    HAL_PCD_EP_DB_Transmit                   0x080010df   Thumb Code   962  stm32g4xx_hal_pcd.o(i.HAL_PCD_EP_DB_Transmit)
    i.HAL_PCD_IRQHandler                     0x080014a0   Section        0  stm32g4xx_hal_pcd.o(i.HAL_PCD_IRQHandler)
    i.HAL_PCD_Init                           0x080015f6   Section        0  stm32g4xx_hal_pcd.o(i.HAL_PCD_Init)
    i.HAL_PCD_MspInit                        0x0800168c   Section        0  usb.o(i.HAL_PCD_MspInit)
    i.HAL_PCD_ResetCallback                  0x080016e4   Section        0  stm32g4xx_hal_pcd.o(i.HAL_PCD_ResetCallback)
    i.HAL_PCD_ResumeCallback                 0x080016e6   Section        0  stm32g4xx_hal_pcd.o(i.HAL_PCD_ResumeCallback)
    i.HAL_PCD_SOFCallback                    0x080016e8   Section        0  stm32g4xx_hal_pcd.o(i.HAL_PCD_SOFCallback)
    i.HAL_PCD_SetAddress                     0x080016ea   Section        0  stm32g4xx_hal_pcd.o(i.HAL_PCD_SetAddress)
    i.HAL_PCD_SetupStageCallback             0x08001710   Section        0  stm32g4xx_hal_pcd.o(i.HAL_PCD_SetupStageCallback)
    i.HAL_PCD_SuspendCallback                0x08001712   Section        0  stm32g4xx_hal_pcd.o(i.HAL_PCD_SuspendCallback)
    i.HAL_PWREx_ControlVoltageScaling        0x08001714   Section        0  stm32g4xx_hal_pwr_ex.o(i.HAL_PWREx_ControlVoltageScaling)
    i.HAL_PWREx_DisableUCPDDeadBattery       0x080017e0   Section        0  stm32g4xx_hal_pwr_ex.o(i.HAL_PWREx_DisableUCPDDeadBattery)
    i.HAL_RCCEx_PeriphCLKConfig              0x080017f0   Section        0  stm32g4xx_hal_rcc_ex.o(i.HAL_RCCEx_PeriphCLKConfig)
    i.HAL_RCC_ClockConfig                    0x08001a88   Section        0  stm32g4xx_hal_rcc.o(i.HAL_RCC_ClockConfig)
    i.HAL_RCC_GetHCLKFreq                    0x08001c50   Section        0  stm32g4xx_hal_rcc.o(i.HAL_RCC_GetHCLKFreq)
    i.HAL_RCC_GetPCLK1Freq                   0x08001c5c   Section        0  stm32g4xx_hal_rcc.o(i.HAL_RCC_GetPCLK1Freq)
    i.HAL_RCC_GetPCLK2Freq                   0x08001c80   Section        0  stm32g4xx_hal_rcc.o(i.HAL_RCC_GetPCLK2Freq)
    i.HAL_RCC_GetSysClockFreq                0x08001ca4   Section        0  stm32g4xx_hal_rcc.o(i.HAL_RCC_GetSysClockFreq)
    i.HAL_RCC_OscConfig                      0x08001d18   Section        0  stm32g4xx_hal_rcc.o(i.HAL_RCC_OscConfig)
    i.HAL_SPI_ErrorCallback                  0x08002168   Section        0  stm32g4xx_hal_spi.o(i.HAL_SPI_ErrorCallback)
    i.HAL_SPI_IRQHandler                     0x0800216c   Section        0  stm32g4xx_hal_spi.o(i.HAL_SPI_IRQHandler)
    i.HAL_SPI_Init                           0x08002270   Section        0  stm32g4xx_hal_spi.o(i.HAL_SPI_Init)
    i.HAL_SPI_MspInit                        0x0800235c   Section        0  spi.o(i.HAL_SPI_MspInit)
    i.HAL_SYSTICK_Config                     0x080023d0   Section        0  stm32g4xx_hal_cortex.o(i.HAL_SYSTICK_Config)
    i.HAL_TIMEx_Break2Callback               0x080023f8   Section        0  stm32g4xx_hal_tim_ex.o(i.HAL_TIMEx_Break2Callback)
    i.HAL_TIMEx_BreakCallback                0x080023fa   Section        0  stm32g4xx_hal_tim_ex.o(i.HAL_TIMEx_BreakCallback)
    i.HAL_TIMEx_CommutCallback               0x080023fc   Section        0  stm32g4xx_hal_tim_ex.o(i.HAL_TIMEx_CommutCallback)
    i.HAL_TIMEx_ConfigBreakDeadTime          0x08002400   Section        0  stm32g4xx_hal_tim_ex.o(i.HAL_TIMEx_ConfigBreakDeadTime)
    i.HAL_TIMEx_DirectionChangeCallback      0x0800249c   Section        0  stm32g4xx_hal_tim_ex.o(i.HAL_TIMEx_DirectionChangeCallback)
    i.HAL_TIMEx_EncoderIndexCallback         0x0800249e   Section        0  stm32g4xx_hal_tim_ex.o(i.HAL_TIMEx_EncoderIndexCallback)
    i.HAL_TIMEx_IndexErrorCallback           0x080024a0   Section        0  stm32g4xx_hal_tim_ex.o(i.HAL_TIMEx_IndexErrorCallback)
    i.HAL_TIMEx_MasterConfigSynchronization  0x080024a4   Section        0  stm32g4xx_hal_tim_ex.o(i.HAL_TIMEx_MasterConfigSynchronization)
    i.HAL_TIMEx_PWMN_Start                   0x08002534   Section        0  stm32g4xx_hal_tim_ex.o(i.HAL_TIMEx_PWMN_Start)
    i.HAL_TIMEx_PWMN_Stop                    0x080025fc   Section        0  stm32g4xx_hal_tim_ex.o(i.HAL_TIMEx_PWMN_Stop)
    i.HAL_TIMEx_TransitionErrorCallback      0x08002668   Section        0  stm32g4xx_hal_tim_ex.o(i.HAL_TIMEx_TransitionErrorCallback)
    i.HAL_TIM_Base_Init                      0x0800266a   Section        0  stm32g4xx_hal_tim.o(i.HAL_TIM_Base_Init)
    i.HAL_TIM_Base_MspInit                   0x080026b8   Section        0  tim.o(i.HAL_TIM_Base_MspInit)
    i.HAL_TIM_Base_Start_IT                  0x080026f4   Section        0  stm32g4xx_hal_tim.o(i.HAL_TIM_Base_Start_IT)
    i.HAL_TIM_ConfigClockSource              0x08002774   Section        0  stm32g4xx_hal_tim.o(i.HAL_TIM_ConfigClockSource)
    i.HAL_TIM_IC_CaptureCallback             0x08002880   Section        0  stm32g4xx_hal_tim.o(i.HAL_TIM_IC_CaptureCallback)
    i.HAL_TIM_IRQHandler                     0x08002882   Section        0  stm32g4xx_hal_tim.o(i.HAL_TIM_IRQHandler)
    i.HAL_TIM_MspPostInit                    0x08002a2c   Section        0  tim.o(i.HAL_TIM_MspPostInit)
    i.HAL_TIM_OC_DelayElapsedCallback        0x08002ac0   Section        0  stm32g4xx_hal_tim.o(i.HAL_TIM_OC_DelayElapsedCallback)
    i.HAL_TIM_PWM_ConfigChannel              0x08002ac2   Section        0  stm32g4xx_hal_tim.o(i.HAL_TIM_PWM_ConfigChannel)
    i.HAL_TIM_PWM_Init                       0x08002bf8   Section        0  stm32g4xx_hal_tim.o(i.HAL_TIM_PWM_Init)
    i.HAL_TIM_PWM_MspInit                    0x08002c46   Section        0  stm32g4xx_hal_tim.o(i.HAL_TIM_PWM_MspInit)
    i.HAL_TIM_PWM_PulseFinishedCallback      0x08002c48   Section        0  stm32g4xx_hal_tim.o(i.HAL_TIM_PWM_PulseFinishedCallback)
    i.HAL_TIM_PWM_Start                      0x08002c4c   Section        0  stm32g4xx_hal_tim.o(i.HAL_TIM_PWM_Start)
    i.HAL_TIM_PWM_Stop                       0x08002d5c   Section        0  stm32g4xx_hal_tim.o(i.HAL_TIM_PWM_Stop)
    i.HAL_TIM_PeriodElapsedCallback          0x08002e0c   Section        0  foc_hw.o(i.HAL_TIM_PeriodElapsedCallback)
    i.HAL_TIM_TriggerCallback                0x08002e20   Section        0  stm32g4xx_hal_tim.o(i.HAL_TIM_TriggerCallback)
    i.HAL_UARTEx_DisableFifoMode             0x08002e22   Section        0  stm32g4xx_hal_uart_ex.o(i.HAL_UARTEx_DisableFifoMode)
    i.HAL_UARTEx_SetRxFifoThreshold          0x08002e60   Section        0  stm32g4xx_hal_uart_ex.o(i.HAL_UARTEx_SetRxFifoThreshold)
    i.HAL_UARTEx_SetTxFifoThreshold          0x08002eac   Section        0  stm32g4xx_hal_uart_ex.o(i.HAL_UARTEx_SetTxFifoThreshold)
    i.HAL_UART_Init                          0x08002ef8   Section        0  stm32g4xx_hal_uart.o(i.HAL_UART_Init)
    i.HAL_UART_MspInit                       0x08002f68   Section        0  usart.o(i.HAL_UART_MspInit)
    i.HAL_UART_Transmit                      0x08002fe8   Section        0  stm32g4xx_hal_uart.o(i.HAL_UART_Transmit)
    i.HardFault_Handler                      0x080030b2   Section        0  stm32g4xx_it.o(i.HardFault_Handler)
    i.Limit_Angle                            0x080030b4   Section        0  foc_math.o(i.Limit_Angle)
    i.MT6816_Get_AngleData                   0x080030f4   Section        0  mt6816.o(i.MT6816_Get_AngleData)
    i.MT6816_SPI_Get_AngleData               0x08003114   Section        0  mt6816.o(i.MT6816_SPI_Get_AngleData)
    i.MT6816_SPI_Signal_Init                 0x080031a8   Section        0  mt6816.o(i.MT6816_SPI_Signal_Init)
    i.MX_GPIO_Init                           0x080031c4   Section        0  gpio.o(i.MX_GPIO_Init)
    i.MX_SPI1_Init                           0x08003274   Section        0  spi.o(i.MX_SPI1_Init)
    i.MX_TIM1_Init                           0x080032c4   Section        0  tim.o(i.MX_TIM1_Init)
    i.MX_USART3_UART_Init                    0x080033c0   Section        0  usart.o(i.MX_USART3_UART_Init)
    i.MX_USB_PCD_Init                        0x08003428   Section        0  usb.o(i.MX_USB_PCD_Init)
    i.MemManage_Handler                      0x08003460   Section        0  stm32g4xx_it.o(i.MemManage_Handler)
    i.Motor_VF_RUN                           0x08003462   Section        0  foc_motor.o(i.Motor_VF_RUN)
    i.NMI_Handler                            0x08003488   Section        0  stm32g4xx_it.o(i.NMI_Handler)
    i.PCD_EP_ISR_Handler                     0x0800348a   Section        0  stm32g4xx_hal_pcd.o(i.PCD_EP_ISR_Handler)
    PCD_EP_ISR_Handler                       0x0800348b   Thumb Code   914  stm32g4xx_hal_pcd.o(i.PCD_EP_ISR_Handler)
    i.PendSV_Handler                         0x0800381c   Section        0  stm32g4xx_it.o(i.PendSV_Handler)
    i.RCC_GetSysClockFreqFromPLLSource       0x08003820   Section        0  stm32g4xx_hal_rcc.o(i.RCC_GetSysClockFreqFromPLLSource)
    RCC_GetSysClockFreqFromPLLSource         0x08003821   Thumb Code    66  stm32g4xx_hal_rcc.o(i.RCC_GetSysClockFreqFromPLLSource)
    i.SPI1_IRQHandler                        0x08003870   Section        0  stm32g4xx_it.o(i.SPI1_IRQHandler)
    i.SPI_DMAAbortOnError                    0x0800387c   Section        0  stm32g4xx_hal_spi.o(i.SPI_DMAAbortOnError)
    SPI_DMAAbortOnError                      0x0800387d   Thumb Code    18  stm32g4xx_hal_spi.o(i.SPI_DMAAbortOnError)
    i.SVC_Handler                            0x0800388e   Section        0  stm32g4xx_it.o(i.SVC_Handler)
    i.SysTick_Handler                        0x08003890   Section        0  stm32g4xx_it.o(i.SysTick_Handler)
    i.SystemClock_Config                     0x08003894   Section        0  main.o(i.SystemClock_Config)
    i.SystemInit                             0x08003904   Section        0  system_stm32g4xx.o(i.SystemInit)
    i.TIM1_UP_TIM16_IRQHandler               0x08003914   Section        0  stm32g4xx_it.o(i.TIM1_UP_TIM16_IRQHandler)
    i.TIM_Base_SetConfig                     0x08003920   Section        0  stm32g4xx_hal_tim.o(i.TIM_Base_SetConfig)
    i.TIM_CCxChannelCmd                      0x080039d8   Section        0  stm32g4xx_hal_tim.o(i.TIM_CCxChannelCmd)
    i.TIM_CCxNChannelCmd                     0x080039f2   Section        0  stm32g4xx_hal_tim_ex.o(i.TIM_CCxNChannelCmd)
    TIM_CCxNChannelCmd                       0x080039f3   Thumb Code    26  stm32g4xx_hal_tim_ex.o(i.TIM_CCxNChannelCmd)
    i.TIM_ETR_SetConfig                      0x08003a0c   Section        0  stm32g4xx_hal_tim.o(i.TIM_ETR_SetConfig)
    i.TIM_ITRx_SetConfig                     0x08003a20   Section        0  stm32g4xx_hal_tim.o(i.TIM_ITRx_SetConfig)
    TIM_ITRx_SetConfig                       0x08003a21   Thumb Code    16  stm32g4xx_hal_tim.o(i.TIM_ITRx_SetConfig)
    i.TIM_OC1_SetConfig                      0x08003a34   Section        0  stm32g4xx_hal_tim.o(i.TIM_OC1_SetConfig)
    TIM_OC1_SetConfig                        0x08003a35   Thumb Code   140  stm32g4xx_hal_tim.o(i.TIM_OC1_SetConfig)
    i.TIM_OC2_SetConfig                      0x08003ad8   Section        0  stm32g4xx_hal_tim.o(i.TIM_OC2_SetConfig)
    i.TIM_OC3_SetConfig                      0x08003b70   Section        0  stm32g4xx_hal_tim.o(i.TIM_OC3_SetConfig)
    TIM_OC3_SetConfig                        0x08003b71   Thumb Code   126  stm32g4xx_hal_tim.o(i.TIM_OC3_SetConfig)
    i.TIM_OC4_SetConfig                      0x08003c08   Section        0  stm32g4xx_hal_tim.o(i.TIM_OC4_SetConfig)
    TIM_OC4_SetConfig                        0x08003c09   Thumb Code   128  stm32g4xx_hal_tim.o(i.TIM_OC4_SetConfig)
    i.TIM_OC5_SetConfig                      0x08003ca0   Section        0  stm32g4xx_hal_tim.o(i.TIM_OC5_SetConfig)
    TIM_OC5_SetConfig                        0x08003ca1   Thumb Code    86  stm32g4xx_hal_tim.o(i.TIM_OC5_SetConfig)
    i.TIM_OC6_SetConfig                      0x08003d10   Section        0  stm32g4xx_hal_tim.o(i.TIM_OC6_SetConfig)
    TIM_OC6_SetConfig                        0x08003d11   Thumb Code    88  stm32g4xx_hal_tim.o(i.TIM_OC6_SetConfig)
    i.TIM_TI1_ConfigInputStage               0x08003d80   Section        0  stm32g4xx_hal_tim.o(i.TIM_TI1_ConfigInputStage)
    TIM_TI1_ConfigInputStage                 0x08003d81   Thumb Code    72  stm32g4xx_hal_tim.o(i.TIM_TI1_ConfigInputStage)
    i.TIM_TI2_ConfigInputStage               0x08003ddc   Section        0  stm32g4xx_hal_tim.o(i.TIM_TI2_ConfigInputStage)
    TIM_TI2_ConfigInputStage                 0x08003ddd   Thumb Code    56  stm32g4xx_hal_tim.o(i.TIM_TI2_ConfigInputStage)
    i.UARTEx_SetNbDataToProcess              0x08003e1c   Section        0  stm32g4xx_hal_uart_ex.o(i.UARTEx_SetNbDataToProcess)
    UARTEx_SetNbDataToProcess                0x08003e1d   Thumb Code    66  stm32g4xx_hal_uart_ex.o(i.UARTEx_SetNbDataToProcess)
    i.UART_AdvFeatureConfig                  0x08003e64   Section        0  stm32g4xx_hal_uart.o(i.UART_AdvFeatureConfig)
    i.UART_CheckIdleState                    0x08003f2c   Section        0  stm32g4xx_hal_uart.o(i.UART_CheckIdleState)
    i.UART_EndRxTransfer                     0x08003fd8   Section        0  stm32g4xx_hal_uart.o(i.UART_EndRxTransfer)
    UART_EndRxTransfer                       0x08003fd9   Thumb Code    78  stm32g4xx_hal_uart.o(i.UART_EndRxTransfer)
    i.UART_SetConfig                         0x0800402c   Section        0  stm32g4xx_hal_uart.o(i.UART_SetConfig)
    i.UART_WaitOnFlagUntilTimeout            0x08004300   Section        0  stm32g4xx_hal_uart.o(i.UART_WaitOnFlagUntilTimeout)
    i.USB_DevInit                            0x08004398   Section        0  stm32g4xx_ll_usb.o(i.USB_DevInit)
    i.USB_DisableGlobalInt                   0x080043aa   Section        0  stm32g4xx_ll_usb.o(i.USB_DisableGlobalInt)
    i.USB_EPStartXfer                        0x080043ba   Section        0  stm32g4xx_ll_usb.o(i.USB_EPStartXfer)
    i.USB_LP_IRQHandler                      0x08004780   Section        0  stm32g4xx_it.o(i.USB_LP_IRQHandler)
    i.USB_ReadInterrupts                     0x0800478c   Section        0  stm32g4xx_ll_usb.o(i.USB_ReadInterrupts)
    i.USB_ReadPMA                            0x08004792   Section        0  stm32g4xx_ll_usb.o(i.USB_ReadPMA)
    i.USB_SetDevAddress                      0x080047bc   Section        0  stm32g4xx_ll_usb.o(i.USB_SetDevAddress)
    i.USB_WritePMA                           0x080047ca   Section        0  stm32g4xx_ll_usb.o(i.USB_WritePMA)
    i.UsageFault_Handler                     0x080047f0   Section        0  stm32g4xx_it.o(i.UsageFault_Handler)
    i.__ARM_pop                              0x080047f2   Section        0  mt6816.o(i.__ARM_pop)
    i.__NVIC_SetPriority                     0x08004820   Section        0  stm32g4xx_hal_cortex.o(i.__NVIC_SetPriority)
    __NVIC_SetPriority                       0x08004821   Thumb Code    32  stm32g4xx_hal_cortex.o(i.__NVIC_SetPriority)
    i._sys_exit                              0x08004840   Section        0  sys_m4.o(i._sys_exit)
    i.fputc                                  0x08004844   Section        0  sys_m4.o(i.fputc)
    i.main                                   0x0800485c   Section        0  main.o(i.main)
    x$fpl$fpinit                             0x0800488c   Section       10  fpinit.o(x$fpl$fpinit)
    $v0                                      0x0800488c   Number         0  fpinit.o(x$fpl$fpinit)
    .constdata                               0x08004896   Section       24  stm32g4xx_hal_uart.o(.constdata)
    .constdata                               0x080048ae   Section       16  stm32g4xx_hal_uart_ex.o(.constdata)
    numerator                                0x080048ae   Data           8  stm32g4xx_hal_uart_ex.o(.constdata)
    denominator                              0x080048b6   Data           8  stm32g4xx_hal_uart_ex.o(.constdata)
    .constdata                               0x080048be   Section       16  system_stm32g4xx.o(.constdata)
    .constdata                               0x080048ce   Section        8  system_stm32g4xx.o(.constdata)
    .constdata                               0x080048d8   Section        8  foc_calibration.o(.constdata)
    .data                                    0x20000000   Section       12  stm32g4xx_hal.o(.data)
    .data                                    0x2000000c   Section        4  system_stm32g4xx.o(.data)
    .data                                    0x20000010   Section      140  foc_app.o(.data)
    .data                                    0x2000009c   Section        1  foc_calibration.o(.data)
    .data                                    0x200000a0   Section       12  foc_calibration.o(.data)
    .data                                    0x200000ac   Section        4  sys_m4.o(.data)
    .data                                    0x200000b0   Section       84  debug.o(.data)
    .data                                    0x20000104   Section       12  mt6816.o(.data)
    .bss                                     0x20000110   Section      100  spi.o(.bss)
    .bss                                     0x20000174   Section       76  tim.o(.bss)
    .bss                                     0x200001c0   Section      148  usart.o(.bss)
    .bss                                     0x20000254   Section      732  usb.o(.bss)
    .bss                                     0x20000530   Section       96  libspace.o(.bss)
    HEAP                                     0x20000590   Section      512  startup_stm32g431xx.o(HEAP)
    Heap_Mem                                 0x20000590   Data         512  startup_stm32g431xx.o(HEAP)
    STACK                                    0x20000790   Section     1024  startup_stm32g431xx.o(STACK)
    Stack_Mem                                0x20000790   Data        1024  startup_stm32g431xx.o(STACK)
    __initial_sp                             0x20000b90   Data           0  startup_stm32g431xx.o(STACK)

    Global Symbols

    Symbol Name                              Value     Ov Type        Size  Object(Section)

    BuildAttributes$$THM_ISAv4$E$P$D$K$B$S$7EM$VFPi3$EXTD16$VFPS$VFMA$PE$A:L22UL41UL21$X:L11$S22US41US21$IEEE1$IW$USESV6$~STKCKD$USESV7$~SHL$OTIME$ROPI$IEEEX$EBA8$UX$STANDARDLIB$REQ8$PRES8$EABIv2 0x00000000   Number         0  anon$$obj.o ABSOLUTE
    __ARM_use_no_argv                        0x00000000   Number         0  main.o ABSOLUTE
    __ARM_exceptions_init                     - Undefined Weak Reference
    __alloca_initialize                       - Undefined Weak Reference
    __arm_fini_                               - Undefined Weak Reference
    __arm_preinit_                            - Undefined Weak Reference
    __cpp_initialize__aeabi_                  - Undefined Weak Reference
    __cxa_finalize                            - Undefined Weak Reference
    __rt_locale                               - Undefined Weak Reference
    __sigvec_lookup                           - Undefined Weak Reference
    _atexit_init                              - Undefined Weak Reference
    _call_atexit_fns                          - Undefined Weak Reference
    _clock_init                               - Undefined Weak Reference
    _fp_trap_init                             - Undefined Weak Reference
    _fp_trap_shutdown                         - Undefined Weak Reference
    _get_lc_collate                           - Undefined Weak Reference
    _get_lc_ctype                             - Undefined Weak Reference
    _get_lc_monetary                          - Undefined Weak Reference
    _get_lc_numeric                           - Undefined Weak Reference
    _get_lc_time                              - Undefined Weak Reference
    _getenv_init                              - Undefined Weak Reference
    _handle_redirection                       - Undefined Weak Reference
    _init_alloc                               - Undefined Weak Reference
    _init_user_alloc                          - Undefined Weak Reference
    _initio                                   - Undefined Weak Reference
    _mutex_acquire                            - Undefined Weak Reference
    _mutex_release                            - Undefined Weak Reference
    _printf_post_padding                      - Undefined Weak Reference
    _printf_pre_padding                       - Undefined Weak Reference
    _printf_truncate_signed                   - Undefined Weak Reference
    _printf_truncate_unsigned                 - Undefined Weak Reference
    _rand_init                                - Undefined Weak Reference
    _signal_finish                            - Undefined Weak Reference
    _signal_init                              - Undefined Weak Reference
    _terminate_alloc                          - Undefined Weak Reference
    _terminate_user_alloc                     - Undefined Weak Reference
    _terminateio                              - Undefined Weak Reference
    __Vectors_Size                           0x000001d8   Number         0  startup_stm32g431xx.o ABSOLUTE
    __Vectors                                0x08000000   Data           4  startup_stm32g431xx.o(RESET)
    __Vectors_End                            0x080001d8   Data           0  startup_stm32g431xx.o(RESET)
    __main                                   0x080001d9   Thumb Code     8  __main.o(!!!main)
    __scatterload                            0x080001e1   Thumb Code     0  __scatter.o(!!!scatter)
    __scatterload_rt2                        0x080001e1   Thumb Code    44  __scatter.o(!!!scatter)
    __scatterload_rt2_thumb_only             0x080001e1   Thumb Code     0  __scatter.o(!!!scatter)
    __scatterload_null                       0x080001ef   Thumb Code     0  __scatter.o(!!!scatter)
    __scatterload_copy                       0x08000215   Thumb Code    26  __scatter_copy.o(!!handler_copy)
    __scatterload_zeroinit                   0x08000231   Thumb Code    28  __scatter_zi.o(!!handler_zi)
    _printf_d                                0x0800024d   Thumb Code     0  _printf_d.o(.ARM.Collect$$_printf_percent$$00000009)
    _printf_percent                          0x0800024d   Thumb Code     0  _printf_percent.o(.ARM.Collect$$_printf_percent$$00000000)
    _printf_percent_end                      0x08000253   Thumb Code     0  _printf_percent_end.o(.ARM.Collect$$_printf_percent$$00000017)
    __rt_lib_init                            0x08000257   Thumb Code     0  libinit.o(.ARM.Collect$$libinit$$00000000)
    __rt_lib_init_fp_1                       0x08000259   Thumb Code     0  libinit2.o(.ARM.Collect$$libinit$$00000001)
    __rt_lib_init_alloca_1                   0x0800025d   Thumb Code     0  libinit2.o(.ARM.Collect$$libinit$$0000002E)
    __rt_lib_init_argv_1                     0x0800025d   Thumb Code     0  libinit2.o(.ARM.Collect$$libinit$$0000002C)
    __rt_lib_init_atexit_1                   0x0800025d   Thumb Code     0  libinit2.o(.ARM.Collect$$libinit$$0000001B)
    __rt_lib_init_clock_1                    0x0800025d   Thumb Code     0  libinit2.o(.ARM.Collect$$libinit$$00000021)
    __rt_lib_init_cpp_1                      0x0800025d   Thumb Code     0  libinit2.o(.ARM.Collect$$libinit$$00000032)
    __rt_lib_init_exceptions_1               0x0800025d   Thumb Code     0  libinit2.o(.ARM.Collect$$libinit$$00000030)
    __rt_lib_init_fp_trap_1                  0x0800025d   Thumb Code     0  libinit2.o(.ARM.Collect$$libinit$$0000001F)
    __rt_lib_init_getenv_1                   0x0800025d   Thumb Code     0  libinit2.o(.ARM.Collect$$libinit$$00000023)
    __rt_lib_init_heap_1                     0x0800025d   Thumb Code     0  libinit2.o(.ARM.Collect$$libinit$$0000000A)
    __rt_lib_init_lc_collate_1               0x0800025d   Thumb Code     0  libinit2.o(.ARM.Collect$$libinit$$00000011)
    __rt_lib_init_lc_ctype_1                 0x0800025d   Thumb Code     0  libinit2.o(.ARM.Collect$$libinit$$00000013)
    __rt_lib_init_lc_monetary_1              0x0800025d   Thumb Code     0  libinit2.o(.ARM.Collect$$libinit$$00000015)
    __rt_lib_init_lc_numeric_1               0x0800025d   Thumb Code     0  libinit2.o(.ARM.Collect$$libinit$$00000017)
    __rt_lib_init_lc_time_1                  0x0800025d   Thumb Code     0  libinit2.o(.ARM.Collect$$libinit$$00000019)
    __rt_lib_init_preinit_1                  0x0800025d   Thumb Code     0  libinit2.o(.ARM.Collect$$libinit$$00000004)
    __rt_lib_init_rand_1                     0x0800025d   Thumb Code     0  libinit2.o(.ARM.Collect$$libinit$$0000000E)
    __rt_lib_init_return                     0x0800025d   Thumb Code     0  libinit2.o(.ARM.Collect$$libinit$$00000033)
    __rt_lib_init_signal_1                   0x0800025d   Thumb Code     0  libinit2.o(.ARM.Collect$$libinit$$0000001D)
    __rt_lib_init_stdio_1                    0x0800025d   Thumb Code     0  libinit2.o(.ARM.Collect$$libinit$$00000025)
    __rt_lib_init_user_alloc_1               0x0800025d   Thumb Code     0  libinit2.o(.ARM.Collect$$libinit$$0000000C)
    __rt_lib_shutdown                        0x0800025f   Thumb Code     0  libshutdown.o(.ARM.Collect$$libshutdown$$00000000)
    __rt_lib_shutdown_cpp_1                  0x08000261   Thumb Code     0  libshutdown2.o(.ARM.Collect$$libshutdown$$00000004)
    __rt_lib_shutdown_fini_1                 0x08000261   Thumb Code     0  libshutdown2.o(.ARM.Collect$$libshutdown$$00000002)
    __rt_lib_shutdown_fp_trap_1              0x08000261   Thumb Code     0  libshutdown2.o(.ARM.Collect$$libshutdown$$00000009)
    __rt_lib_shutdown_heap_1                 0x08000261   Thumb Code     0  libshutdown2.o(.ARM.Collect$$libshutdown$$00000011)
    __rt_lib_shutdown_return                 0x08000261   Thumb Code     0  libshutdown2.o(.ARM.Collect$$libshutdown$$00000012)
    __rt_lib_shutdown_signal_1               0x08000261   Thumb Code     0  libshutdown2.o(.ARM.Collect$$libshutdown$$0000000C)
    __rt_lib_shutdown_stdio_1                0x08000261   Thumb Code     0  libshutdown2.o(.ARM.Collect$$libshutdown$$00000006)
    __rt_lib_shutdown_user_alloc_1           0x08000261   Thumb Code     0  libshutdown2.o(.ARM.Collect$$libshutdown$$0000000E)
    __rt_entry                               0x08000263   Thumb Code     0  __rtentry.o(.ARM.Collect$$rtentry$$00000000)
    __rt_entry_presh_1                       0x08000263   Thumb Code     0  __rtentry2.o(.ARM.Collect$$rtentry$$00000002)
    __rt_entry_sh                            0x08000263   Thumb Code     0  __rtentry4.o(.ARM.Collect$$rtentry$$00000004)
    __rt_entry_li                            0x08000269   Thumb Code     0  __rtentry2.o(.ARM.Collect$$rtentry$$0000000A)
    __rt_entry_postsh_1                      0x08000269   Thumb Code     0  __rtentry2.o(.ARM.Collect$$rtentry$$00000009)
    __rt_entry_main                          0x0800026d   Thumb Code     0  __rtentry2.o(.ARM.Collect$$rtentry$$0000000D)
    __rt_entry_postli_1                      0x0800026d   Thumb Code     0  __rtentry2.o(.ARM.Collect$$rtentry$$0000000C)
    __rt_exit                                0x08000275   Thumb Code     0  rtexit.o(.ARM.Collect$$rtexit$$00000000)
    __rt_exit_ls                             0x08000277   Thumb Code     0  rtexit2.o(.ARM.Collect$$rtexit$$00000003)
    __rt_exit_prels_1                        0x08000277   Thumb Code     0  rtexit2.o(.ARM.Collect$$rtexit$$00000002)
    __rt_exit_exit                           0x0800027b   Thumb Code     0  rtexit2.o(.ARM.Collect$$rtexit$$00000004)
    Reset_Handler                            0x08000281   Thumb Code     8  startup_stm32g431xx.o(.text)
    ADC1_2_IRQHandler                        0x0800029b   Thumb Code     0  startup_stm32g431xx.o(.text)
    COMP1_2_3_IRQHandler                     0x0800029b   Thumb Code     0  startup_stm32g431xx.o(.text)
    COMP4_IRQHandler                         0x0800029b   Thumb Code     0  startup_stm32g431xx.o(.text)
    CORDIC_IRQHandler                        0x0800029b   Thumb Code     0  startup_stm32g431xx.o(.text)
    CRS_IRQHandler                           0x0800029b   Thumb Code     0  startup_stm32g431xx.o(.text)
    DMA1_Channel1_IRQHandler                 0x0800029b   Thumb Code     0  startup_stm32g431xx.o(.text)
    DMA1_Channel2_IRQHandler                 0x0800029b   Thumb Code     0  startup_stm32g431xx.o(.text)
    DMA1_Channel3_IRQHandler                 0x0800029b   Thumb Code     0  startup_stm32g431xx.o(.text)
    DMA1_Channel4_IRQHandler                 0x0800029b   Thumb Code     0  startup_stm32g431xx.o(.text)
    DMA1_Channel5_IRQHandler                 0x0800029b   Thumb Code     0  startup_stm32g431xx.o(.text)
    DMA1_Channel6_IRQHandler                 0x0800029b   Thumb Code     0  startup_stm32g431xx.o(.text)
    DMA2_Channel1_IRQHandler                 0x0800029b   Thumb Code     0  startup_stm32g431xx.o(.text)
    DMA2_Channel2_IRQHandler                 0x0800029b   Thumb Code     0  startup_stm32g431xx.o(.text)
    DMA2_Channel3_IRQHandler                 0x0800029b   Thumb Code     0  startup_stm32g431xx.o(.text)
    DMA2_Channel4_IRQHandler                 0x0800029b   Thumb Code     0  startup_stm32g431xx.o(.text)
    DMA2_Channel5_IRQHandler                 0x0800029b   Thumb Code     0  startup_stm32g431xx.o(.text)
    DMA2_Channel6_IRQHandler                 0x0800029b   Thumb Code     0  startup_stm32g431xx.o(.text)
    DMAMUX_OVR_IRQHandler                    0x0800029b   Thumb Code     0  startup_stm32g431xx.o(.text)
    EXTI0_IRQHandler                         0x0800029b   Thumb Code     0  startup_stm32g431xx.o(.text)
    EXTI15_10_IRQHandler                     0x0800029b   Thumb Code     0  startup_stm32g431xx.o(.text)
    EXTI1_IRQHandler                         0x0800029b   Thumb Code     0  startup_stm32g431xx.o(.text)
    EXTI2_IRQHandler                         0x0800029b   Thumb Code     0  startup_stm32g431xx.o(.text)
    EXTI3_IRQHandler                         0x0800029b   Thumb Code     0  startup_stm32g431xx.o(.text)
    EXTI4_IRQHandler                         0x0800029b   Thumb Code     0  startup_stm32g431xx.o(.text)
    EXTI9_5_IRQHandler                       0x0800029b   Thumb Code     0  startup_stm32g431xx.o(.text)
    FDCAN1_IT0_IRQHandler                    0x0800029b   Thumb Code     0  startup_stm32g431xx.o(.text)
    FDCAN1_IT1_IRQHandler                    0x0800029b   Thumb Code     0  startup_stm32g431xx.o(.text)
    FLASH_IRQHandler                         0x0800029b   Thumb Code     0  startup_stm32g431xx.o(.text)
    FMAC_IRQHandler                          0x0800029b   Thumb Code     0  startup_stm32g431xx.o(.text)
    FPU_IRQHandler                           0x0800029b   Thumb Code     0  startup_stm32g431xx.o(.text)
    I2C1_ER_IRQHandler                       0x0800029b   Thumb Code     0  startup_stm32g431xx.o(.text)
    I2C1_EV_IRQHandler                       0x0800029b   Thumb Code     0  startup_stm32g431xx.o(.text)
    I2C2_ER_IRQHandler                       0x0800029b   Thumb Code     0  startup_stm32g431xx.o(.text)
    I2C2_EV_IRQHandler                       0x0800029b   Thumb Code     0  startup_stm32g431xx.o(.text)
    I2C3_ER_IRQHandler                       0x0800029b   Thumb Code     0  startup_stm32g431xx.o(.text)
    I2C3_EV_IRQHandler                       0x0800029b   Thumb Code     0  startup_stm32g431xx.o(.text)
    LPTIM1_IRQHandler                        0x0800029b   Thumb Code     0  startup_stm32g431xx.o(.text)
    LPUART1_IRQHandler                       0x0800029b   Thumb Code     0  startup_stm32g431xx.o(.text)
    PVD_PVM_IRQHandler                       0x0800029b   Thumb Code     0  startup_stm32g431xx.o(.text)
    RCC_IRQHandler                           0x0800029b   Thumb Code     0  startup_stm32g431xx.o(.text)
    RNG_IRQHandler                           0x0800029b   Thumb Code     0  startup_stm32g431xx.o(.text)
    RTC_Alarm_IRQHandler                     0x0800029b   Thumb Code     0  startup_stm32g431xx.o(.text)
    RTC_TAMP_LSECSS_IRQHandler               0x0800029b   Thumb Code     0  startup_stm32g431xx.o(.text)
    RTC_WKUP_IRQHandler                      0x0800029b   Thumb Code     0  startup_stm32g431xx.o(.text)
    SAI1_IRQHandler                          0x0800029b   Thumb Code     0  startup_stm32g431xx.o(.text)
    SPI2_IRQHandler                          0x0800029b   Thumb Code     0  startup_stm32g431xx.o(.text)
    SPI3_IRQHandler                          0x0800029b   Thumb Code     0  startup_stm32g431xx.o(.text)
    TIM1_BRK_TIM15_IRQHandler                0x0800029b   Thumb Code     0  startup_stm32g431xx.o(.text)
    TIM1_CC_IRQHandler                       0x0800029b   Thumb Code     0  startup_stm32g431xx.o(.text)
    TIM1_TRG_COM_TIM17_IRQHandler            0x0800029b   Thumb Code     0  startup_stm32g431xx.o(.text)
    TIM2_IRQHandler                          0x0800029b   Thumb Code     0  startup_stm32g431xx.o(.text)
    TIM3_IRQHandler                          0x0800029b   Thumb Code     0  startup_stm32g431xx.o(.text)
    TIM4_IRQHandler                          0x0800029b   Thumb Code     0  startup_stm32g431xx.o(.text)
    TIM6_DAC_IRQHandler                      0x0800029b   Thumb Code     0  startup_stm32g431xx.o(.text)
    TIM7_IRQHandler                          0x0800029b   Thumb Code     0  startup_stm32g431xx.o(.text)
    TIM8_BRK_IRQHandler                      0x0800029b   Thumb Code     0  startup_stm32g431xx.o(.text)
    TIM8_CC_IRQHandler                       0x0800029b   Thumb Code     0  startup_stm32g431xx.o(.text)
    TIM8_TRG_COM_IRQHandler                  0x0800029b   Thumb Code     0  startup_stm32g431xx.o(.text)
    TIM8_UP_IRQHandler                       0x0800029b   Thumb Code     0  startup_stm32g431xx.o(.text)
    UART4_IRQHandler                         0x0800029b   Thumb Code     0  startup_stm32g431xx.o(.text)
    UCPD1_IRQHandler                         0x0800029b   Thumb Code     0  startup_stm32g431xx.o(.text)
    USART1_IRQHandler                        0x0800029b   Thumb Code     0  startup_stm32g431xx.o(.text)
    USART2_IRQHandler                        0x0800029b   Thumb Code     0  startup_stm32g431xx.o(.text)
    USART3_IRQHandler                        0x0800029b   Thumb Code     0  startup_stm32g431xx.o(.text)
    USBWakeUp_IRQHandler                     0x0800029b   Thumb Code     0  startup_stm32g431xx.o(.text)
    USB_HP_IRQHandler                        0x0800029b   Thumb Code     0  startup_stm32g431xx.o(.text)
    WWDG_IRQHandler                          0x0800029b   Thumb Code     0  startup_stm32g431xx.o(.text)
    __user_initial_stackheap                 0x0800029d   Thumb Code     0  startup_stm32g431xx.o(.text)
    __use_no_semihosting                     0x080002c1   Thumb Code     2  use_no_semi_2.o(.text)
    __aeabi_uldivmod                         0x080002c3   Thumb Code     0  lludivv7m.o(.text)
    _ll_udiv                                 0x080002c3   Thumb Code   238  lludivv7m.o(.text)
    __2printf                                0x080003b1   Thumb Code    20  noretval__2printf.o(.text)
    __printf                                 0x080003c9   Thumb Code   104  __printf.o(.text)
    _printf_int_dec                          0x08000431   Thumb Code   104  _printf_dec.o(.text)
    __aeabi_memclr4                          0x080004a9   Thumb Code     0  rt_memclr_w.o(.text)
    __aeabi_memclr8                          0x080004a9   Thumb Code     0  rt_memclr_w.o(.text)
    __rt_memclr_w                            0x080004a9   Thumb Code    78  rt_memclr_w.o(.text)
    _memset_w                                0x080004ad   Thumb Code     0  rt_memclr_w.o(.text)
    __use_two_region_memory                  0x080004f7   Thumb Code     2  heapauxi.o(.text)
    __rt_heap_escrow$2region                 0x080004f9   Thumb Code     2  heapauxi.o(.text)
    __rt_heap_expand$2region                 0x080004fb   Thumb Code     2  heapauxi.o(.text)
    __semihosting$guard                      0x080004fd   Thumb Code     0  use_no_semi.o(.text)
    __use_no_semihosting_swi                 0x080004fd   Thumb Code     2  use_no_semi.o(.text)
    _printf_int_common                       0x080004ff   Thumb Code   178  _printf_intcommon.o(.text)
    _printf_char_file                        0x080005b1   Thumb Code    32  _printf_char_file.o(.text)
    _printf_char_common                      0x080005df   Thumb Code    32  _printf_char_common.o(.text)
    ferror                                   0x08000605   Thumb Code     8  ferror.o(.text)
    __user_libspace                          0x0800060d   Thumb Code     8  libspace.o(.text)
    __user_perproc_libspace                  0x0800060d   Thumb Code     0  libspace.o(.text)
    __user_perthread_libspace                0x0800060d   Thumb Code     0  libspace.o(.text)
    __user_setup_stackheap                   0x08000615   Thumb Code    74  sys_stackheap_outer.o(.text)
    exit                                     0x0800065f   Thumb Code    18  exit.o(.text)
    arm_cos_f32                              0x08000671   Thumb Code   152  arm_cos_f32.o(.text.arm_cos_f32)
    arm_sin_f32                              0x08000709   Thumb Code   144  arm_sin_f32.o(.text.arm_sin_f32)
    BusFault_Handler                         0x08000799   Thumb Code     2  stm32g4xx_it.o(i.BusFault_Handler)
    Calibration_Zero                         0x0800079d   Thumb Code   104  foc_calibration.o(i.Calibration_Zero)
    DebugMon_Handler                         0x08000825   Thumb Code     2  stm32g4xx_it.o(i.DebugMon_Handler)
    Debug_Task                               0x08000829   Thumb Code   128  debug.o(i.Debug_Task)
    Error_Handler                            0x080008c1   Thumb Code     4  main.o(i.Error_Handler)
    FOC_App_Run                              0x080008c5   Thumb Code     6  foc_app.o(i.FOC_App_Run)
    FOC_Init                                 0x080008d1   Thumb Code    98  foc_app.o(i.FOC_Init)
    FOC_Motor_Init                           0x08000965   Thumb Code    22  foc_motor.o(i.FOC_Motor_Init)
    FOC_Motor_Run                            0x08000981   Thumb Code    24  foc_motor.o(i.FOC_Motor_Run)
    FOC_PWM_HW_Init                          0x08000999   Thumb Code    42  foc_hw.o(i.FOC_PWM_HW_Init)
    FOC_PWM_HW_ON_OFF                        0x080009c9   Thumb Code   146  foc_hw.o(i.FOC_PWM_HW_ON_OFF)
    FOC_PWM_Init                             0x08000a61   Thumb Code    10  foc_pwm.o(i.FOC_PWM_Init)
    FOC_PWM_Run                              0x08000a6b   Thumb Code    34  foc_pwm.o(i.FOC_PWM_Run)
    FOC_Rev_Clarke                           0x08000b69   Thumb Code    58  foc_math.o(i.FOC_Rev_Clarke)
    FOC_Rev_Park                             0x08000ba9   Thumb Code    78  foc_math.o(i.FOC_Rev_Park)
    FOC_VF_Angle_Calc                        0x08000bf7   Thumb Code    46  foc_vf.o(i.FOC_VF_Angle_Calc)
    FOC_VF_Init                              0x08000c25   Thumb Code    14  foc_vf.o(i.FOC_VF_Init)
    HAL_DMA_Abort_IT                         0x08000c33   Thumb Code   118  stm32g4xx_hal_dma.o(i.HAL_DMA_Abort_IT)
    HAL_Delay                                0x08000ca9   Thumb Code    32  stm32g4xx_hal.o(i.HAL_Delay)
    HAL_GPIO_Init                            0x08000ccd   Thumb Code   406  stm32g4xx_hal_gpio.o(i.HAL_GPIO_Init)
    HAL_GPIO_WritePin                        0x08000e85   Thumb Code    12  stm32g4xx_hal_gpio.o(i.HAL_GPIO_WritePin)
    HAL_GetTick                              0x08000e91   Thumb Code     6  stm32g4xx_hal.o(i.HAL_GetTick)
    HAL_IncTick                              0x08000e9d   Thumb Code    12  stm32g4xx_hal.o(i.HAL_IncTick)
    HAL_Init                                 0x08000ead   Thumb Code    30  stm32g4xx_hal.o(i.HAL_Init)
    HAL_InitTick                             0x08000ecd   Thumb Code    68  stm32g4xx_hal.o(i.HAL_InitTick)
    HAL_MspInit                              0x08000f19   Thumb Code    42  stm32g4xx_hal_msp.o(i.HAL_MspInit)
    HAL_NVIC_EnableIRQ                       0x08000f49   Thumb Code    26  stm32g4xx_hal_cortex.o(i.HAL_NVIC_EnableIRQ)
    HAL_NVIC_SetPriority                     0x08000f65   Thumb Code    60  stm32g4xx_hal_cortex.o(i.HAL_NVIC_SetPriority)
    HAL_NVIC_SetPriorityGrouping             0x08000fa5   Thumb Code    26  stm32g4xx_hal_cortex.o(i.HAL_NVIC_SetPriorityGrouping)
    HAL_PCDEx_ActivateLPM                    0x08000fc9   Thumb Code    36  stm32g4xx_hal_pcd_ex.o(i.HAL_PCDEx_ActivateLPM)
    HAL_PCDEx_LPM_Callback                   0x08000fed   Thumb Code     2  stm32g4xx_hal_pcd_ex.o(i.HAL_PCDEx_LPM_Callback)
    HAL_PCD_DataInStageCallback              0x08000fef   Thumb Code     2  stm32g4xx_hal_pcd.o(i.HAL_PCD_DataInStageCallback)
    HAL_PCD_DataOutStageCallback             0x08000ff1   Thumb Code     2  stm32g4xx_hal_pcd.o(i.HAL_PCD_DataOutStageCallback)
    HAL_PCD_IRQHandler                       0x080014a1   Thumb Code   342  stm32g4xx_hal_pcd.o(i.HAL_PCD_IRQHandler)
    HAL_PCD_Init                             0x080015f7   Thumb Code   148  stm32g4xx_hal_pcd.o(i.HAL_PCD_Init)
    HAL_PCD_MspInit                          0x0800168d   Thumb Code    80  usb.o(i.HAL_PCD_MspInit)
    HAL_PCD_ResetCallback                    0x080016e5   Thumb Code     2  stm32g4xx_hal_pcd.o(i.HAL_PCD_ResetCallback)
    HAL_PCD_ResumeCallback                   0x080016e7   Thumb Code     2  stm32g4xx_hal_pcd.o(i.HAL_PCD_ResumeCallback)
    HAL_PCD_SOFCallback                      0x080016e9   Thumb Code     2  stm32g4xx_hal_pcd.o(i.HAL_PCD_SOFCallback)
    HAL_PCD_SetAddress                       0x080016eb   Thumb Code    38  stm32g4xx_hal_pcd.o(i.HAL_PCD_SetAddress)
    HAL_PCD_SetupStageCallback               0x08001711   Thumb Code     2  stm32g4xx_hal_pcd.o(i.HAL_PCD_SetupStageCallback)
    HAL_PCD_SuspendCallback                  0x08001713   Thumb Code     2  stm32g4xx_hal_pcd.o(i.HAL_PCD_SuspendCallback)
    HAL_PWREx_ControlVoltageScaling          0x08001715   Thumb Code   190  stm32g4xx_hal_pwr_ex.o(i.HAL_PWREx_ControlVoltageScaling)
    HAL_PWREx_DisableUCPDDeadBattery         0x080017e1   Thumb Code    12  stm32g4xx_hal_pwr_ex.o(i.HAL_PWREx_DisableUCPDDeadBattery)
    HAL_RCCEx_PeriphCLKConfig                0x080017f1   Thumb Code   656  stm32g4xx_hal_rcc_ex.o(i.HAL_RCCEx_PeriphCLKConfig)
    HAL_RCC_ClockConfig                      0x08001a89   Thumb Code   432  stm32g4xx_hal_rcc.o(i.HAL_RCC_ClockConfig)
    HAL_RCC_GetHCLKFreq                      0x08001c51   Thumb Code     6  stm32g4xx_hal_rcc.o(i.HAL_RCC_GetHCLKFreq)
    HAL_RCC_GetPCLK1Freq                     0x08001c5d   Thumb Code    26  stm32g4xx_hal_rcc.o(i.HAL_RCC_GetPCLK1Freq)
    HAL_RCC_GetPCLK2Freq                     0x08001c81   Thumb Code    26  stm32g4xx_hal_rcc.o(i.HAL_RCC_GetPCLK2Freq)
    HAL_RCC_GetSysClockFreq                  0x08001ca5   Thumb Code   106  stm32g4xx_hal_rcc.o(i.HAL_RCC_GetSysClockFreq)
    HAL_RCC_OscConfig                        0x08001d19   Thumb Code  1104  stm32g4xx_hal_rcc.o(i.HAL_RCC_OscConfig)
    HAL_SPI_ErrorCallback                    0x08002169   Thumb Code     2  stm32g4xx_hal_spi.o(i.HAL_SPI_ErrorCallback)
    HAL_SPI_IRQHandler                       0x0800216d   Thumb Code   254  stm32g4xx_hal_spi.o(i.HAL_SPI_IRQHandler)
    HAL_SPI_Init                             0x08002271   Thumb Code   236  stm32g4xx_hal_spi.o(i.HAL_SPI_Init)
    HAL_SPI_MspInit                          0x0800235d   Thumb Code   102  spi.o(i.HAL_SPI_MspInit)
    HAL_SYSTICK_Config                       0x080023d1   Thumb Code    40  stm32g4xx_hal_cortex.o(i.HAL_SYSTICK_Config)
    HAL_TIMEx_Break2Callback                 0x080023f9   Thumb Code     2  stm32g4xx_hal_tim_ex.o(i.HAL_TIMEx_Break2Callback)
    HAL_TIMEx_BreakCallback                  0x080023fb   Thumb Code     2  stm32g4xx_hal_tim_ex.o(i.HAL_TIMEx_BreakCallback)
    HAL_TIMEx_CommutCallback                 0x080023fd   Thumb Code     2  stm32g4xx_hal_tim_ex.o(i.HAL_TIMEx_CommutCallback)
    HAL_TIMEx_ConfigBreakDeadTime            0x08002401   Thumb Code   148  stm32g4xx_hal_tim_ex.o(i.HAL_TIMEx_ConfigBreakDeadTime)
    HAL_TIMEx_DirectionChangeCallback        0x0800249d   Thumb Code     2  stm32g4xx_hal_tim_ex.o(i.HAL_TIMEx_DirectionChangeCallback)
    HAL_TIMEx_EncoderIndexCallback           0x0800249f   Thumb Code     2  stm32g4xx_hal_tim_ex.o(i.HAL_TIMEx_EncoderIndexCallback)
    HAL_TIMEx_IndexErrorCallback             0x080024a1   Thumb Code     2  stm32g4xx_hal_tim_ex.o(i.HAL_TIMEx_IndexErrorCallback)
    HAL_TIMEx_MasterConfigSynchronization    0x080024a5   Thumb Code   120  stm32g4xx_hal_tim_ex.o(i.HAL_TIMEx_MasterConfigSynchronization)
    HAL_TIMEx_PWMN_Start                     0x08002535   Thumb Code   174  stm32g4xx_hal_tim_ex.o(i.HAL_TIMEx_PWMN_Start)
    HAL_TIMEx_PWMN_Stop                      0x080025fd   Thumb Code   104  stm32g4xx_hal_tim_ex.o(i.HAL_TIMEx_PWMN_Stop)
    HAL_TIMEx_TransitionErrorCallback        0x08002669   Thumb Code     2  stm32g4xx_hal_tim_ex.o(i.HAL_TIMEx_TransitionErrorCallback)
    HAL_TIM_Base_Init                        0x0800266b   Thumb Code    78  stm32g4xx_hal_tim.o(i.HAL_TIM_Base_Init)
    HAL_TIM_Base_MspInit                     0x080026b9   Thumb Code    50  tim.o(i.HAL_TIM_Base_MspInit)
    HAL_TIM_Base_Start_IT                    0x080026f5   Thumb Code   104  stm32g4xx_hal_tim.o(i.HAL_TIM_Base_Start_IT)
    HAL_TIM_ConfigClockSource                0x08002775   Thumb Code   258  stm32g4xx_hal_tim.o(i.HAL_TIM_ConfigClockSource)
    HAL_TIM_IC_CaptureCallback               0x08002881   Thumb Code     2  stm32g4xx_hal_tim.o(i.HAL_TIM_IC_CaptureCallback)
    HAL_TIM_IRQHandler                       0x08002883   Thumb Code   426  stm32g4xx_hal_tim.o(i.HAL_TIM_IRQHandler)
    HAL_TIM_MspPostInit                      0x08002a2d   Thumb Code   136  tim.o(i.HAL_TIM_MspPostInit)
    HAL_TIM_OC_DelayElapsedCallback          0x08002ac1   Thumb Code     2  stm32g4xx_hal_tim.o(i.HAL_TIM_OC_DelayElapsedCallback)
    HAL_TIM_PWM_ConfigChannel                0x08002ac3   Thumb Code   310  stm32g4xx_hal_tim.o(i.HAL_TIM_PWM_ConfigChannel)
    HAL_TIM_PWM_Init                         0x08002bf9   Thumb Code    78  stm32g4xx_hal_tim.o(i.HAL_TIM_PWM_Init)
    HAL_TIM_PWM_MspInit                      0x08002c47   Thumb Code     2  stm32g4xx_hal_tim.o(i.HAL_TIM_PWM_MspInit)
    HAL_TIM_PWM_PulseFinishedCallback        0x08002c49   Thumb Code     2  stm32g4xx_hal_tim.o(i.HAL_TIM_PWM_PulseFinishedCallback)
    HAL_TIM_PWM_Start                        0x08002c4d   Thumb Code   240  stm32g4xx_hal_tim.o(i.HAL_TIM_PWM_Start)
    HAL_TIM_PWM_Stop                         0x08002d5d   Thumb Code   152  stm32g4xx_hal_tim.o(i.HAL_TIM_PWM_Stop)
    HAL_TIM_PeriodElapsedCallback            0x08002e0d   Thumb Code    14  foc_hw.o(i.HAL_TIM_PeriodElapsedCallback)
    HAL_TIM_TriggerCallback                  0x08002e21   Thumb Code     2  stm32g4xx_hal_tim.o(i.HAL_TIM_TriggerCallback)
    HAL_UARTEx_DisableFifoMode               0x08002e23   Thumb Code    62  stm32g4xx_hal_uart_ex.o(i.HAL_UARTEx_DisableFifoMode)
    HAL_UARTEx_SetRxFifoThreshold            0x08002e61   Thumb Code    76  stm32g4xx_hal_uart_ex.o(i.HAL_UARTEx_SetRxFifoThreshold)
    HAL_UARTEx_SetTxFifoThreshold            0x08002ead   Thumb Code    76  stm32g4xx_hal_uart_ex.o(i.HAL_UARTEx_SetTxFifoThreshold)
    HAL_UART_Init                            0x08002ef9   Thumb Code   112  stm32g4xx_hal_uart.o(i.HAL_UART_Init)
    HAL_UART_MspInit                         0x08002f69   Thumb Code   114  usart.o(i.HAL_UART_MspInit)
    HAL_UART_Transmit                        0x08002fe9   Thumb Code   202  stm32g4xx_hal_uart.o(i.HAL_UART_Transmit)
    HardFault_Handler                        0x080030b3   Thumb Code     2  stm32g4xx_it.o(i.HardFault_Handler)
    Limit_Angle                              0x080030b5   Thumb Code    56  foc_math.o(i.Limit_Angle)
    MT6816_Get_AngleData                     0x080030f5   Thumb Code    26  mt6816.o(i.MT6816_Get_AngleData)
    MT6816_SPI_Get_AngleData                 0x08003115   Thumb Code   134  mt6816.o(i.MT6816_SPI_Get_AngleData)
    MT6816_SPI_Signal_Init                   0x080031a9   Thumb Code    20  mt6816.o(i.MT6816_SPI_Signal_Init)
    MX_GPIO_Init                             0x080031c5   Thumb Code   164  gpio.o(i.MX_GPIO_Init)
    MX_SPI1_Init                             0x08003275   Thumb Code    72  spi.o(i.MX_SPI1_Init)
    MX_TIM1_Init                             0x080032c5   Thumb Code   244  tim.o(i.MX_TIM1_Init)
    MX_USART3_UART_Init                      0x080033c1   Thumb Code    94  usart.o(i.MX_USART3_UART_Init)
    MX_USB_PCD_Init                          0x08003429   Thumb Code    46  usb.o(i.MX_USB_PCD_Init)
    MemManage_Handler                        0x08003461   Thumb Code     2  stm32g4xx_it.o(i.MemManage_Handler)
    Motor_VF_RUN                             0x08003463   Thumb Code    38  foc_motor.o(i.Motor_VF_RUN)
    NMI_Handler                              0x08003489   Thumb Code     2  stm32g4xx_it.o(i.NMI_Handler)
    PendSV_Handler                           0x0800381d   Thumb Code     2  stm32g4xx_it.o(i.PendSV_Handler)
    SPI1_IRQHandler                          0x08003871   Thumb Code     6  stm32g4xx_it.o(i.SPI1_IRQHandler)
    SVC_Handler                              0x0800388f   Thumb Code     2  stm32g4xx_it.o(i.SVC_Handler)
    SysTick_Handler                          0x08003891   Thumb Code     4  stm32g4xx_it.o(i.SysTick_Handler)
    SystemClock_Config                       0x08003895   Thumb Code   112  main.o(i.SystemClock_Config)
    SystemInit                               0x08003905   Thumb Code    12  system_stm32g4xx.o(i.SystemInit)
    TIM1_UP_TIM16_IRQHandler                 0x08003915   Thumb Code     6  stm32g4xx_it.o(i.TIM1_UP_TIM16_IRQHandler)
    TIM_Base_SetConfig                       0x08003921   Thumb Code   156  stm32g4xx_hal_tim.o(i.TIM_Base_SetConfig)
    TIM_CCxChannelCmd                        0x080039d9   Thumb Code    26  stm32g4xx_hal_tim.o(i.TIM_CCxChannelCmd)
    TIM_ETR_SetConfig                        0x08003a0d   Thumb Code    20  stm32g4xx_hal_tim.o(i.TIM_ETR_SetConfig)
    TIM_OC2_SetConfig                        0x08003ad9   Thumb Code   128  stm32g4xx_hal_tim.o(i.TIM_OC2_SetConfig)
    UART_AdvFeatureConfig                    0x08003e65   Thumb Code   200  stm32g4xx_hal_uart.o(i.UART_AdvFeatureConfig)
    UART_CheckIdleState                      0x08003f2d   Thumb Code   170  stm32g4xx_hal_uart.o(i.UART_CheckIdleState)
    UART_SetConfig                           0x0800402d   Thumb Code   680  stm32g4xx_hal_uart.o(i.UART_SetConfig)
    UART_WaitOnFlagUntilTimeout              0x08004301   Thumb Code   152  stm32g4xx_hal_uart.o(i.UART_WaitOnFlagUntilTimeout)
    USB_DevInit                              0x08004399   Thumb Code    18  stm32g4xx_ll_usb.o(i.USB_DevInit)
    USB_DisableGlobalInt                     0x080043ab   Thumb Code    16  stm32g4xx_ll_usb.o(i.USB_DisableGlobalInt)
    USB_EPStartXfer                          0x080043bb   Thumb Code   964  stm32g4xx_ll_usb.o(i.USB_EPStartXfer)
    USB_LP_IRQHandler                        0x08004781   Thumb Code     6  stm32g4xx_it.o(i.USB_LP_IRQHandler)
    USB_ReadInterrupts                       0x0800478d   Thumb Code     6  stm32g4xx_ll_usb.o(i.USB_ReadInterrupts)
    USB_ReadPMA                              0x08004793   Thumb Code    42  stm32g4xx_ll_usb.o(i.USB_ReadPMA)
    USB_SetDevAddress                        0x080047bd   Thumb Code    14  stm32g4xx_ll_usb.o(i.USB_SetDevAddress)
    USB_WritePMA                             0x080047cb   Thumb Code    38  stm32g4xx_ll_usb.o(i.USB_WritePMA)
    UsageFault_Handler                       0x080047f1   Thumb Code     2  stm32g4xx_it.o(i.UsageFault_Handler)
    __ARM_pop                                0x080047f3   Thumb Code    46  mt6816.o(i.__ARM_pop)
    _sys_exit                                0x08004841   Thumb Code     2  sys_m4.o(i._sys_exit)
    fputc                                    0x08004845   Thumb Code    18  sys_m4.o(i.fputc)
    main                                     0x0800485d   Thumb Code    48  main.o(i.main)
    _fp_init                                 0x0800488d   Thumb Code    10  fpinit.o(x$fpl$fpinit)
    __fplib_config_fpu_vfp                   0x08004895   Thumb Code     0  fpinit.o(x$fpl$fpinit)
    __fplib_config_pureend_doubles           0x08004895   Thumb Code     0  fpinit.o(x$fpl$fpinit)
    UARTPrescTable                           0x08004896   Data          24  stm32g4xx_hal_uart.o(.constdata)
    AHBPrescTable                            0x080048be   Data          16  system_stm32g4xx.o(.constdata)
    APBPrescTable                            0x080048ce   Data           8  system_stm32g4xx.o(.constdata)
    sinTable_f32                             0x080048e0   Data        2052  arm_common_tables.o(.rodata.sinTable_f32)
    Region$$Table$$Base                      0x080050e4   Number         0  anon$$obj.o(Region$$Table)
    Region$$Table$$Limit                     0x08005104   Number         0  anon$$obj.o(Region$$Table)
    uwTickPrio                               0x20000000   Data           4  stm32g4xx_hal.o(.data)
    uwTickFreq                               0x20000004   Data           4  stm32g4xx_hal.o(.data)
    uwTick                                   0x20000008   Data           4  stm32g4xx_hal.o(.data)
    SystemCoreClock                          0x2000000c   Data           4  system_stm32g4xx.o(.data)
    FOC_MOTOR                                0x20000010   Data         140  foc_app.o(.data)
    flag_test                                0x2000009c   Data           1  foc_calibration.o(.data)
    self_angle                               0x200000a0   Data           4  foc_calibration.o(.data)
    spi_pulse                                0x200000a4   Data           4  foc_calibration.o(.data)
    theta_angle                              0x200000a8   Data           4  foc_calibration.o(.data)
    __stdout                                 0x200000ac   Data           4  sys_m4.o(.data)
    VOFA_Handle                              0x200000b0   Data          84  debug.o(.data)
    mt6816_spi                               0x20000104   Data           6  mt6816.o(.data)
    mt6816                                   0x2000010a   Data           6  mt6816.o(.data)
    hspi1                                    0x20000110   Data         100  spi.o(.bss)
    htim1                                    0x20000174   Data          76  tim.o(.bss)
    huart3                                   0x200001c0   Data         148  usart.o(.bss)
    hpcd_USB_FS                              0x20000254   Data         732  usb.o(.bss)
    __libspace_start                         0x20000530   Data          96  libspace.o(.bss)
    __temporary_stack_top$libspace           0x20000590   Data           0  libspace.o(.bss)



==============================================================================

Memory Map of the image

  Image Entry point : 0x080001d9

  Load Region LR_IROM1 (Base: 0x08000000, Size: 0x00005214, Max: 0x00020000, ABSOLUTE)

    Execution Region ER_IROM1 (Exec base: 0x08000000, Load base: 0x08000000, Size: 0x00005104, Max: 0x00020000, ABSOLUTE)

    Exec Addr    Load Addr    Size         Type   Attr      Idx    E Section Name        Object

    0x08000000   0x08000000   0x000001d8   Data   RO            3    RESET               startup_stm32g431xx.o
    0x080001d8   0x080001d8   0x00000008   Code   RO         5340  * !!!main             c_w.l(__main.o)
    0x080001e0   0x080001e0   0x00000034   Code   RO         5551    !!!scatter          c_w.l(__scatter.o)
    0x08000214   0x08000214   0x0000001a   Code   RO         5553    !!handler_copy      c_w.l(__scatter_copy.o)
    0x0800022e   0x0800022e   0x00000002   PAD
    0x08000230   0x08000230   0x0000001c   Code   RO         5555    !!handler_zi        c_w.l(__scatter_zi.o)
    0x0800024c   0x0800024c   0x00000000   Code   RO         5335    .ARM.Collect$$_printf_percent$$00000000  c_w.l(_printf_percent.o)
    0x0800024c   0x0800024c   0x00000006   Code   RO         5334    .ARM.Collect$$_printf_percent$$00000009  c_w.l(_printf_d.o)
    0x08000252   0x08000252   0x00000004   Code   RO         5367    .ARM.Collect$$_printf_percent$$00000017  c_w.l(_printf_percent_end.o)
    0x08000256   0x08000256   0x00000002   Code   RO         5431    .ARM.Collect$$libinit$$00000000  c_w.l(libinit.o)
    0x08000258   0x08000258   0x00000004   Code   RO         5440    .ARM.Collect$$libinit$$00000001  c_w.l(libinit2.o)
    0x0800025c   0x0800025c   0x00000000   Code   RO         5443    .ARM.Collect$$libinit$$00000004  c_w.l(libinit2.o)
    0x0800025c   0x0800025c   0x00000000   Code   RO         5446    .ARM.Collect$$libinit$$0000000A  c_w.l(libinit2.o)
    0x0800025c   0x0800025c   0x00000000   Code   RO         5448    .ARM.Collect$$libinit$$0000000C  c_w.l(libinit2.o)
    0x0800025c   0x0800025c   0x00000000   Code   RO         5450    .ARM.Collect$$libinit$$0000000E  c_w.l(libinit2.o)
    0x0800025c   0x0800025c   0x00000000   Code   RO         5453    .ARM.Collect$$libinit$$00000011  c_w.l(libinit2.o)
    0x0800025c   0x0800025c   0x00000000   Code   RO         5455    .ARM.Collect$$libinit$$00000013  c_w.l(libinit2.o)
    0x0800025c   0x0800025c   0x00000000   Code   RO         5457    .ARM.Collect$$libinit$$00000015  c_w.l(libinit2.o)
    0x0800025c   0x0800025c   0x00000000   Code   RO         5459    .ARM.Collect$$libinit$$00000017  c_w.l(libinit2.o)
    0x0800025c   0x0800025c   0x00000000   Code   RO         5461    .ARM.Collect$$libinit$$00000019  c_w.l(libinit2.o)
    0x0800025c   0x0800025c   0x00000000   Code   RO         5463    .ARM.Collect$$libinit$$0000001B  c_w.l(libinit2.o)
    0x0800025c   0x0800025c   0x00000000   Code   RO         5465    .ARM.Collect$$libinit$$0000001D  c_w.l(libinit2.o)
    0x0800025c   0x0800025c   0x00000000   Code   RO         5467    .ARM.Collect$$libinit$$0000001F  c_w.l(libinit2.o)
    0x0800025c   0x0800025c   0x00000000   Code   RO         5469    .ARM.Collect$$libinit$$00000021  c_w.l(libinit2.o)
    0x0800025c   0x0800025c   0x00000000   Code   RO         5471    .ARM.Collect$$libinit$$00000023  c_w.l(libinit2.o)
    0x0800025c   0x0800025c   0x00000000   Code   RO         5473    .ARM.Collect$$libinit$$00000025  c_w.l(libinit2.o)
    0x0800025c   0x0800025c   0x00000000   Code   RO         5477    .ARM.Collect$$libinit$$0000002C  c_w.l(libinit2.o)
    0x0800025c   0x0800025c   0x00000000   Code   RO         5479    .ARM.Collect$$libinit$$0000002E  c_w.l(libinit2.o)
    0x0800025c   0x0800025c   0x00000000   Code   RO         5481    .ARM.Collect$$libinit$$00000030  c_w.l(libinit2.o)
    0x0800025c   0x0800025c   0x00000000   Code   RO         5483    .ARM.Collect$$libinit$$00000032  c_w.l(libinit2.o)
    0x0800025c   0x0800025c   0x00000002   Code   RO         5484    .ARM.Collect$$libinit$$00000033  c_w.l(libinit2.o)
    0x0800025e   0x0800025e   0x00000002   Code   RO         5508    .ARM.Collect$$libshutdown$$00000000  c_w.l(libshutdown.o)
    0x08000260   0x08000260   0x00000000   Code   RO         5532    .ARM.Collect$$libshutdown$$00000002  c_w.l(libshutdown2.o)
    0x08000260   0x08000260   0x00000000   Code   RO         5534    .ARM.Collect$$libshutdown$$00000004  c_w.l(libshutdown2.o)
    0x08000260   0x08000260   0x00000000   Code   RO         5536    .ARM.Collect$$libshutdown$$00000006  c_w.l(libshutdown2.o)
    0x08000260   0x08000260   0x00000000   Code   RO         5539    .ARM.Collect$$libshutdown$$00000009  c_w.l(libshutdown2.o)
    0x08000260   0x08000260   0x00000000   Code   RO         5542    .ARM.Collect$$libshutdown$$0000000C  c_w.l(libshutdown2.o)
    0x08000260   0x08000260   0x00000000   Code   RO         5544    .ARM.Collect$$libshutdown$$0000000E  c_w.l(libshutdown2.o)
    0x08000260   0x08000260   0x00000000   Code   RO         5547    .ARM.Collect$$libshutdown$$00000011  c_w.l(libshutdown2.o)
    0x08000260   0x08000260   0x00000002   Code   RO         5548    .ARM.Collect$$libshutdown$$00000012  c_w.l(libshutdown2.o)
    0x08000262   0x08000262   0x00000000   Code   RO         5356    .ARM.Collect$$rtentry$$00000000  c_w.l(__rtentry.o)
    0x08000262   0x08000262   0x00000000   Code   RO         5386    .ARM.Collect$$rtentry$$00000002  c_w.l(__rtentry2.o)
    0x08000262   0x08000262   0x00000006   Code   RO         5398    .ARM.Collect$$rtentry$$00000004  c_w.l(__rtentry4.o)
    0x08000268   0x08000268   0x00000000   Code   RO         5388    .ARM.Collect$$rtentry$$00000009  c_w.l(__rtentry2.o)
    0x08000268   0x08000268   0x00000004   Code   RO         5389    .ARM.Collect$$rtentry$$0000000A  c_w.l(__rtentry2.o)
    0x0800026c   0x0800026c   0x00000000   Code   RO         5391    .ARM.Collect$$rtentry$$0000000C  c_w.l(__rtentry2.o)
    0x0800026c   0x0800026c   0x00000008   Code   RO         5392    .ARM.Collect$$rtentry$$0000000D  c_w.l(__rtentry2.o)
    0x08000274   0x08000274   0x00000002   Code   RO         5432    .ARM.Collect$$rtexit$$00000000  c_w.l(rtexit.o)
    0x08000276   0x08000276   0x00000000   Code   RO         5486    .ARM.Collect$$rtexit$$00000002  c_w.l(rtexit2.o)
    0x08000276   0x08000276   0x00000004   Code   RO         5487    .ARM.Collect$$rtexit$$00000003  c_w.l(rtexit2.o)
    0x0800027a   0x0800027a   0x00000006   Code   RO         5488    .ARM.Collect$$rtexit$$00000004  c_w.l(rtexit2.o)
    0x08000280   0x08000280   0x00000040   Code   RO            4    .text               startup_stm32g431xx.o
    0x080002c0   0x080002c0   0x00000002   Code   RO         5302    .text               c_w.l(use_no_semi_2.o)
    0x080002c2   0x080002c2   0x000000ee   Code   RO         5304    .text               c_w.l(lludivv7m.o)
    0x080003b0   0x080003b0   0x00000018   Code   RO         5308    .text               c_w.l(noretval__2printf.o)
    0x080003c8   0x080003c8   0x00000068   Code   RO         5310    .text               c_w.l(__printf.o)
    0x08000430   0x08000430   0x00000078   Code   RO         5312    .text               c_w.l(_printf_dec.o)
    0x080004a8   0x080004a8   0x0000004e   Code   RO         5336    .text               c_w.l(rt_memclr_w.o)
    0x080004f6   0x080004f6   0x00000006   Code   RO         5338    .text               c_w.l(heapauxi.o)
    0x080004fc   0x080004fc   0x00000002   Code   RO         5354    .text               c_w.l(use_no_semi.o)
    0x080004fe   0x080004fe   0x000000b2   Code   RO         5363    .text               c_w.l(_printf_intcommon.o)
    0x080005b0   0x080005b0   0x00000024   Code   RO         5365    .text               c_w.l(_printf_char_file.o)
    0x080005d4   0x080005d4   0x00000030   Code   RO         5407    .text               c_w.l(_printf_char_common.o)
    0x08000604   0x08000604   0x00000008   Code   RO         5409    .text               c_w.l(ferror.o)
    0x0800060c   0x0800060c   0x00000008   Code   RO         5413    .text               c_w.l(libspace.o)
    0x08000614   0x08000614   0x0000004a   Code   RO         5416    .text               c_w.l(sys_stackheap_outer.o)
    0x0800065e   0x0800065e   0x00000012   Code   RO         5420    .text               c_w.l(exit.o)
    0x08000670   0x08000670   0x00000098   Code   RO         5163    .text.arm_cos_f32   arm_cortexM4lf_math.lib(arm_cos_f32.o)
    0x08000708   0x08000708   0x00000090   Code   RO         5172    .text.arm_sin_f32   arm_cortexM4lf_math.lib(arm_sin_f32.o)
    0x08000798   0x08000798   0x00000002   Code   RO          450    i.BusFault_Handler  stm32g4xx_it.o
    0x0800079a   0x0800079a   0x00000002   PAD
    0x0800079c   0x0800079c   0x00000088   Code   RO         4960    i.Calibration_Zero  foc_calibration.o
    0x08000824   0x08000824   0x00000002   Code   RO          451    i.DebugMon_Handler  stm32g4xx_it.o
    0x08000826   0x08000826   0x00000002   PAD
    0x08000828   0x08000828   0x00000098   Code   RO         5070    i.Debug_Task        debug.o
    0x080008c0   0x080008c0   0x00000004   Code   RO           13    i.Error_Handler     main.o
    0x080008c4   0x080008c4   0x0000000c   Code   RO         4788    i.FOC_App_Run       foc_app.o
    0x080008d0   0x080008d0   0x00000094   Code   RO         4790    i.FOC_Init          foc_app.o
    0x08000964   0x08000964   0x0000001c   Code   RO         4840    i.FOC_Motor_Init    foc_motor.o
    0x08000980   0x08000980   0x00000018   Code   RO         4841    i.FOC_Motor_Run     foc_motor.o
    0x08000998   0x08000998   0x00000030   Code   RO         4675    i.FOC_PWM_HW_Init   foc_hw.o
    0x080009c8   0x080009c8   0x00000098   Code   RO         4676    i.FOC_PWM_HW_ON_OFF  foc_hw.o
    0x08000a60   0x08000a60   0x0000000a   Code   RO         4917    i.FOC_PWM_Init      foc_pwm.o
    0x08000a6a   0x08000a6a   0x00000022   Code   RO         4918    i.FOC_PWM_Run       foc_pwm.o
    0x08000a8c   0x08000a8c   0x000000dc   Code   RO         4919    i.FOC_RUN_SPWM      foc_pwm.o
    0x08000b68   0x08000b68   0x00000040   Code   RO         4735    i.FOC_Rev_Clarke    foc_math.o
    0x08000ba8   0x08000ba8   0x0000004e   Code   RO         4736    i.FOC_Rev_Park      foc_math.o
    0x08000bf6   0x08000bf6   0x0000002e   Code   RO         4876    i.FOC_VF_Angle_Calc  foc_vf.o
    0x08000c24   0x08000c24   0x0000000e   Code   RO         4877    i.FOC_VF_Init       foc_vf.o
    0x08000c32   0x08000c32   0x00000076   Code   RO         1834    i.HAL_DMA_Abort_IT  stm32g4xx_hal_dma.o
    0x08000ca8   0x08000ca8   0x00000024   Code   RO          926    i.HAL_Delay         stm32g4xx_hal.o
    0x08000ccc   0x08000ccc   0x000001b8   Code   RO         1695    i.HAL_GPIO_Init     stm32g4xx_hal_gpio.o
    0x08000e84   0x08000e84   0x0000000c   Code   RO         1699    i.HAL_GPIO_WritePin  stm32g4xx_hal_gpio.o
    0x08000e90   0x08000e90   0x0000000c   Code   RO          930    i.HAL_GetTick       stm32g4xx_hal.o
    0x08000e9c   0x08000e9c   0x00000010   Code   RO          936    i.HAL_IncTick       stm32g4xx_hal.o
    0x08000eac   0x08000eac   0x0000001e   Code   RO          937    i.HAL_Init          stm32g4xx_hal.o
    0x08000eca   0x08000eca   0x00000002   PAD
    0x08000ecc   0x08000ecc   0x0000004c   Code   RO          938    i.HAL_InitTick      stm32g4xx_hal.o
    0x08000f18   0x08000f18   0x00000030   Code   RO          544    i.HAL_MspInit       stm32g4xx_hal_msp.o
    0x08000f48   0x08000f48   0x0000001a   Code   RO         2344    i.HAL_NVIC_EnableIRQ  stm32g4xx_hal_cortex.o
    0x08000f62   0x08000f62   0x00000002   PAD
    0x08000f64   0x08000f64   0x00000040   Code   RO         2350    i.HAL_NVIC_SetPriority  stm32g4xx_hal_cortex.o
    0x08000fa4   0x08000fa4   0x00000024   Code   RO         2351    i.HAL_NVIC_SetPriorityGrouping  stm32g4xx_hal_cortex.o
    0x08000fc8   0x08000fc8   0x00000024   Code   RO         4420    i.HAL_PCDEx_ActivateLPM  stm32g4xx_hal_pcd_ex.o
    0x08000fec   0x08000fec   0x00000002   Code   RO         4425    i.HAL_PCDEx_LPM_Callback  stm32g4xx_hal_pcd_ex.o
    0x08000fee   0x08000fee   0x00000002   Code   RO         4190    i.HAL_PCD_DataInStageCallback  stm32g4xx_hal_pcd.o
    0x08000ff0   0x08000ff0   0x00000002   Code   RO         4191    i.HAL_PCD_DataOutStageCallback  stm32g4xx_hal_pcd.o
    0x08000ff2   0x08000ff2   0x000000ec   Code   RO         4200    i.HAL_PCD_EP_DB_Receive  stm32g4xx_hal_pcd.o
    0x080010de   0x080010de   0x000003c2   Code   RO         4201    i.HAL_PCD_EP_DB_Transmit  stm32g4xx_hal_pcd.o
    0x080014a0   0x080014a0   0x00000156   Code   RO         4209    i.HAL_PCD_IRQHandler  stm32g4xx_hal_pcd.o
    0x080015f6   0x080015f6   0x00000094   Code   RO         4212    i.HAL_PCD_Init      stm32g4xx_hal_pcd.o
    0x0800168a   0x0800168a   0x00000002   PAD
    0x0800168c   0x0800168c   0x00000058   Code   RO          409    i.HAL_PCD_MspInit   usb.o
    0x080016e4   0x080016e4   0x00000002   Code   RO         4215    i.HAL_PCD_ResetCallback  stm32g4xx_hal_pcd.o
    0x080016e6   0x080016e6   0x00000002   Code   RO         4216    i.HAL_PCD_ResumeCallback  stm32g4xx_hal_pcd.o
    0x080016e8   0x080016e8   0x00000002   Code   RO         4217    i.HAL_PCD_SOFCallback  stm32g4xx_hal_pcd.o
    0x080016ea   0x080016ea   0x00000026   Code   RO         4218    i.HAL_PCD_SetAddress  stm32g4xx_hal_pcd.o
    0x08001710   0x08001710   0x00000002   Code   RO         4219    i.HAL_PCD_SetupStageCallback  stm32g4xx_hal_pcd.o
    0x08001712   0x08001712   0x00000002   Code   RO         4222    i.HAL_PCD_SuspendCallback  stm32g4xx_hal_pcd.o
    0x08001714   0x08001714   0x000000cc   Code   RO         2098    i.HAL_PWREx_ControlVoltageScaling  stm32g4xx_hal_pwr_ex.o
    0x080017e0   0x080017e0   0x00000010   Code   RO         2110    i.HAL_PWREx_DisableUCPDDeadBattery  stm32g4xx_hal_pwr_ex.o
    0x080017f0   0x080017f0   0x00000298   Code   RO         1302    i.HAL_RCCEx_PeriphCLKConfig  stm32g4xx_hal_rcc_ex.o
    0x08001a88   0x08001a88   0x000001c8   Code   RO         1172    i.HAL_RCC_ClockConfig  stm32g4xx_hal_rcc.o
    0x08001c50   0x08001c50   0x0000000c   Code   RO         1178    i.HAL_RCC_GetHCLKFreq  stm32g4xx_hal_rcc.o
    0x08001c5c   0x08001c5c   0x00000024   Code   RO         1180    i.HAL_RCC_GetPCLK1Freq  stm32g4xx_hal_rcc.o
    0x08001c80   0x08001c80   0x00000024   Code   RO         1181    i.HAL_RCC_GetPCLK2Freq  stm32g4xx_hal_rcc.o
    0x08001ca4   0x08001ca4   0x00000074   Code   RO         1182    i.HAL_RCC_GetSysClockFreq  stm32g4xx_hal_rcc.o
    0x08001d18   0x08001d18   0x00000450   Code   RO         1185    i.HAL_RCC_OscConfig  stm32g4xx_hal_rcc.o
    0x08002168   0x08002168   0x00000002   Code   RO          575    i.HAL_SPI_ErrorCallback  stm32g4xx_hal_spi.o
    0x0800216a   0x0800216a   0x00000002   PAD
    0x0800216c   0x0800216c   0x00000104   Code   RO          578    i.HAL_SPI_IRQHandler  stm32g4xx_hal_spi.o
    0x08002270   0x08002270   0x000000ec   Code   RO          579    i.HAL_SPI_Init      stm32g4xx_hal_spi.o
    0x0800235c   0x0800235c   0x00000074   Code   RO          277    i.HAL_SPI_MspInit   spi.o
    0x080023d0   0x080023d0   0x00000028   Code   RO         2355    i.HAL_SYSTICK_Config  stm32g4xx_hal_cortex.o
    0x080023f8   0x080023f8   0x00000002   Code   RO         3211    i.HAL_TIMEx_Break2Callback  stm32g4xx_hal_tim_ex.o
    0x080023fa   0x080023fa   0x00000002   Code   RO         3212    i.HAL_TIMEx_BreakCallback  stm32g4xx_hal_tim_ex.o
    0x080023fc   0x080023fc   0x00000002   Code   RO         3213    i.HAL_TIMEx_CommutCallback  stm32g4xx_hal_tim_ex.o
    0x080023fe   0x080023fe   0x00000002   PAD
    0x08002400   0x08002400   0x0000009c   Code   RO         3216    i.HAL_TIMEx_ConfigBreakDeadTime  stm32g4xx_hal_tim_ex.o
    0x0800249c   0x0800249c   0x00000002   Code   RO         3224    i.HAL_TIMEx_DirectionChangeCallback  stm32g4xx_hal_tim_ex.o
    0x0800249e   0x0800249e   0x00000002   Code   RO         3238    i.HAL_TIMEx_EncoderIndexCallback  stm32g4xx_hal_tim_ex.o
    0x080024a0   0x080024a0   0x00000002   Code   RO         3252    i.HAL_TIMEx_IndexErrorCallback  stm32g4xx_hal_tim_ex.o
    0x080024a2   0x080024a2   0x00000002   PAD
    0x080024a4   0x080024a4   0x00000090   Code   RO         3253    i.HAL_TIMEx_MasterConfigSynchronization  stm32g4xx_hal_tim_ex.o
    0x08002534   0x08002534   0x000000c8   Code   RO         3265    i.HAL_TIMEx_PWMN_Start  stm32g4xx_hal_tim_ex.o
    0x080025fc   0x080025fc   0x0000006c   Code   RO         3268    i.HAL_TIMEx_PWMN_Stop  stm32g4xx_hal_tim_ex.o
    0x08002668   0x08002668   0x00000002   Code   RO         3274    i.HAL_TIMEx_TransitionErrorCallback  stm32g4xx_hal_tim_ex.o
    0x0800266a   0x0800266a   0x0000004e   Code   RO         2486    i.HAL_TIM_Base_Init  stm32g4xx_hal_tim.o
    0x080026b8   0x080026b8   0x0000003c   Code   RO          319    i.HAL_TIM_Base_MspInit  tim.o
    0x080026f4   0x080026f4   0x00000080   Code   RO         2491    i.HAL_TIM_Base_Start_IT  stm32g4xx_hal_tim.o
    0x08002774   0x08002774   0x0000010c   Code   RO         2495    i.HAL_TIM_ConfigClockSource  stm32g4xx_hal_tim.o
    0x08002880   0x08002880   0x00000002   Code   RO         2520    i.HAL_TIM_IC_CaptureCallback  stm32g4xx_hal_tim.o
    0x08002882   0x08002882   0x000001aa   Code   RO         2534    i.HAL_TIM_IRQHandler  stm32g4xx_hal_tim.o
    0x08002a2c   0x08002a2c   0x00000094   Code   RO          320    i.HAL_TIM_MspPostInit  tim.o
    0x08002ac0   0x08002ac0   0x00000002   Code   RO         2537    i.HAL_TIM_OC_DelayElapsedCallback  stm32g4xx_hal_tim.o
    0x08002ac2   0x08002ac2   0x00000136   Code   RO         2558    i.HAL_TIM_PWM_ConfigChannel  stm32g4xx_hal_tim.o
    0x08002bf8   0x08002bf8   0x0000004e   Code   RO         2561    i.HAL_TIM_PWM_Init  stm32g4xx_hal_tim.o
    0x08002c46   0x08002c46   0x00000002   Code   RO         2563    i.HAL_TIM_PWM_MspInit  stm32g4xx_hal_tim.o
    0x08002c48   0x08002c48   0x00000002   Code   RO         2564    i.HAL_TIM_PWM_PulseFinishedCallback  stm32g4xx_hal_tim.o
    0x08002c4a   0x08002c4a   0x00000002   PAD
    0x08002c4c   0x08002c4c   0x00000110   Code   RO         2566    i.HAL_TIM_PWM_Start  stm32g4xx_hal_tim.o
    0x08002d5c   0x08002d5c   0x000000b0   Code   RO         2569    i.HAL_TIM_PWM_Stop  stm32g4xx_hal_tim.o
    0x08002e0c   0x08002e0c   0x00000014   Code   RO         4677    i.HAL_TIM_PeriodElapsedCallback  foc_hw.o
    0x08002e20   0x08002e20   0x00000002   Code   RO         2577    i.HAL_TIM_TriggerCallback  stm32g4xx_hal_tim.o
    0x08002e22   0x08002e22   0x0000003e   Code   RO         4065    i.HAL_UARTEx_DisableFifoMode  stm32g4xx_hal_uart_ex.o
    0x08002e60   0x08002e60   0x0000004c   Code   RO         4074    i.HAL_UARTEx_SetRxFifoThreshold  stm32g4xx_hal_uart_ex.o
    0x08002eac   0x08002eac   0x0000004c   Code   RO         4075    i.HAL_UARTEx_SetTxFifoThreshold  stm32g4xx_hal_uart_ex.o
    0x08002ef8   0x08002ef8   0x00000070   Code   RO         3669    i.HAL_UART_Init     stm32g4xx_hal_uart.o
    0x08002f68   0x08002f68   0x00000080   Code   RO          367    i.HAL_UART_MspInit  usart.o
    0x08002fe8   0x08002fe8   0x000000ca   Code   RO         3678    i.HAL_UART_Transmit  stm32g4xx_hal_uart.o
    0x080030b2   0x080030b2   0x00000002   Code   RO          452    i.HardFault_Handler  stm32g4xx_it.o
    0x080030b4   0x080030b4   0x00000040   Code   RO         4738    i.Limit_Angle       foc_math.o
    0x080030f4   0x080030f4   0x00000020   Code   RO         5121    i.MT6816_Get_AngleData  mt6816.o
    0x08003114   0x08003114   0x00000094   Code   RO         5122    i.MT6816_SPI_Get_AngleData  mt6816.o
    0x080031a8   0x080031a8   0x0000001c   Code   RO         5123    i.MT6816_SPI_Signal_Init  mt6816.o
    0x080031c4   0x080031c4   0x000000b0   Code   RO          252    i.MX_GPIO_Init      gpio.o
    0x08003274   0x08003274   0x00000050   Code   RO          278    i.MX_SPI1_Init      spi.o
    0x080032c4   0x080032c4   0x000000fc   Code   RO          321    i.MX_TIM1_Init      tim.o
    0x080033c0   0x080033c0   0x00000068   Code   RO          368    i.MX_USART3_UART_Init  usart.o
    0x08003428   0x08003428   0x00000038   Code   RO          410    i.MX_USB_PCD_Init   usb.o
    0x08003460   0x08003460   0x00000002   Code   RO          453    i.MemManage_Handler  stm32g4xx_it.o
    0x08003462   0x08003462   0x00000026   Code   RO         4842    i.Motor_VF_RUN      foc_motor.o
    0x08003488   0x08003488   0x00000002   Code   RO          454    i.NMI_Handler       stm32g4xx_it.o
    0x0800348a   0x0800348a   0x00000392   Code   RO         4223    i.PCD_EP_ISR_Handler  stm32g4xx_hal_pcd.o
    0x0800381c   0x0800381c   0x00000002   Code   RO          455    i.PendSV_Handler    stm32g4xx_it.o
    0x0800381e   0x0800381e   0x00000002   PAD
    0x08003820   0x08003820   0x00000050   Code   RO         1186    i.RCC_GetSysClockFreqFromPLLSource  stm32g4xx_hal_rcc.o
    0x08003870   0x08003870   0x0000000c   Code   RO          456    i.SPI1_IRQHandler   stm32g4xx_it.o
    0x0800387c   0x0800387c   0x00000012   Code   RO          606    i.SPI_DMAAbortOnError  stm32g4xx_hal_spi.o
    0x0800388e   0x0800388e   0x00000002   Code   RO          457    i.SVC_Handler       stm32g4xx_it.o
    0x08003890   0x08003890   0x00000004   Code   RO          458    i.SysTick_Handler   stm32g4xx_it.o
    0x08003894   0x08003894   0x00000070   Code   RO           14    i.SystemClock_Config  main.o
    0x08003904   0x08003904   0x00000010   Code   RO         4636    i.SystemInit        system_stm32g4xx.o
    0x08003914   0x08003914   0x0000000c   Code   RO          459    i.TIM1_UP_TIM16_IRQHandler  stm32g4xx_it.o
    0x08003920   0x08003920   0x000000b8   Code   RO         2579    i.TIM_Base_SetConfig  stm32g4xx_hal_tim.o
    0x080039d8   0x080039d8   0x0000001a   Code   RO         2580    i.TIM_CCxChannelCmd  stm32g4xx_hal_tim.o
    0x080039f2   0x080039f2   0x0000001a   Code   RO         3277    i.TIM_CCxNChannelCmd  stm32g4xx_hal_tim_ex.o
    0x08003a0c   0x08003a0c   0x00000014   Code   RO         2590    i.TIM_ETR_SetConfig  stm32g4xx_hal_tim.o
    0x08003a20   0x08003a20   0x00000014   Code   RO         2591    i.TIM_ITRx_SetConfig  stm32g4xx_hal_tim.o
    0x08003a34   0x08003a34   0x000000a4   Code   RO         2592    i.TIM_OC1_SetConfig  stm32g4xx_hal_tim.o
    0x08003ad8   0x08003ad8   0x00000098   Code   RO         2593    i.TIM_OC2_SetConfig  stm32g4xx_hal_tim.o
    0x08003b70   0x08003b70   0x00000098   Code   RO         2594    i.TIM_OC3_SetConfig  stm32g4xx_hal_tim.o
    0x08003c08   0x08003c08   0x00000098   Code   RO         2595    i.TIM_OC4_SetConfig  stm32g4xx_hal_tim.o
    0x08003ca0   0x08003ca0   0x00000070   Code   RO         2596    i.TIM_OC5_SetConfig  stm32g4xx_hal_tim.o
    0x08003d10   0x08003d10   0x00000070   Code   RO         2597    i.TIM_OC6_SetConfig  stm32g4xx_hal_tim.o
    0x08003d80   0x08003d80   0x0000005c   Code   RO         2599    i.TIM_TI1_ConfigInputStage  stm32g4xx_hal_tim.o
    0x08003ddc   0x08003ddc   0x00000040   Code   RO         2601    i.TIM_TI2_ConfigInputStage  stm32g4xx_hal_tim.o
    0x08003e1c   0x08003e1c   0x00000048   Code   RO         4079    i.UARTEx_SetNbDataToProcess  stm32g4xx_hal_uart_ex.o
    0x08003e64   0x08003e64   0x000000c8   Code   RO         3683    i.UART_AdvFeatureConfig  stm32g4xx_hal_uart.o
    0x08003f2c   0x08003f2c   0x000000aa   Code   RO         3684    i.UART_CheckIdleState  stm32g4xx_hal_uart.o
    0x08003fd6   0x08003fd6   0x00000002   PAD
    0x08003fd8   0x08003fd8   0x00000054   Code   RO         3695    i.UART_EndRxTransfer  stm32g4xx_hal_uart.o
    0x0800402c   0x0800402c   0x000002d4   Code   RO         3702    i.UART_SetConfig    stm32g4xx_hal_uart.o
    0x08004300   0x08004300   0x00000098   Code   RO         3709    i.UART_WaitOnFlagUntilTimeout  stm32g4xx_hal_uart.o
    0x08004398   0x08004398   0x00000012   Code   RO         4492    i.USB_DevInit       stm32g4xx_ll_usb.o
    0x080043aa   0x080043aa   0x00000010   Code   RO         4493    i.USB_DisableGlobalInt  stm32g4xx_ll_usb.o
    0x080043ba   0x080043ba   0x000003c4   Code   RO         4496    i.USB_EPStartXfer   stm32g4xx_ll_usb.o
    0x0800477e   0x0800477e   0x00000002   PAD
    0x08004780   0x08004780   0x0000000c   Code   RO          460    i.USB_LP_IRQHandler  stm32g4xx_it.o
    0x0800478c   0x0800478c   0x00000006   Code   RO         4501    i.USB_ReadInterrupts  stm32g4xx_ll_usb.o
    0x08004792   0x08004792   0x0000002a   Code   RO         4502    i.USB_ReadPMA       stm32g4xx_ll_usb.o
    0x080047bc   0x080047bc   0x0000000e   Code   RO         4504    i.USB_SetDevAddress  stm32g4xx_ll_usb.o
    0x080047ca   0x080047ca   0x00000026   Code   RO         4506    i.USB_WritePMA      stm32g4xx_ll_usb.o
    0x080047f0   0x080047f0   0x00000002   Code   RO          461    i.UsageFault_Handler  stm32g4xx_it.o
    0x080047f2   0x080047f2   0x0000002e   Code   RO         5154    i.__ARM_pop         mt6816.o
    0x08004820   0x08004820   0x00000020   Code   RO         2357    i.__NVIC_SetPriority  stm32g4xx_hal_cortex.o
    0x08004840   0x08004840   0x00000002   Code   RO         4993    i._sys_exit         sys_m4.o
    0x08004842   0x08004842   0x00000002   PAD
    0x08004844   0x08004844   0x00000018   Code   RO         4998    i.fputc             sys_m4.o
    0x0800485c   0x0800485c   0x00000030   Code   RO           15    i.main              main.o
    0x0800488c   0x0800488c   0x0000000a   Code   RO         5498    x$fpl$fpinit        fz_wm.l(fpinit.o)
    0x08004896   0x08004896   0x00000018   Data   RO         3710    .constdata          stm32g4xx_hal_uart.o
    0x080048ae   0x080048ae   0x00000010   Data   RO         4081    .constdata          stm32g4xx_hal_uart_ex.o
    0x080048be   0x080048be   0x00000010   Data   RO         4637    .constdata          system_stm32g4xx.o
    0x080048ce   0x080048ce   0x00000008   Data   RO         4638    .constdata          system_stm32g4xx.o
    0x080048d6   0x080048d6   0x00000002   PAD
    0x080048d8   0x080048d8   0x00000008   Data   RO         4961    .constdata          foc_calibration.o
    0x080048e0   0x080048e0   0x00000804   Data   RO         5293    .rodata.sinTable_f32  arm_cortexM4lf_math.lib(arm_common_tables.o)
    0x080050e4   0x080050e4   0x00000020   Data   RO         5549    Region$$Table       anon$$obj.o


    Execution Region RW_IRAM1 (Exec base: 0x20000000, Load base: 0x08005104, Size: 0x00000b90, Max: 0x00008000, ABSOLUTE)

    Exec Addr    Load Addr    Size         Type   Attr      Idx    E Section Name        Object

    0x20000000   0x08005104   0x0000000c   Data   RW          957    .data               stm32g4xx_hal.o
    0x2000000c   0x08005110   0x00000004   Data   RW         4639    .data               system_stm32g4xx.o
    0x20000010   0x08005114   0x0000008c   Data   RW         4791    .data               foc_app.o
    0x2000009c   0x080051a0   0x00000001   Data   RW         4962    .data               foc_calibration.o
    0x2000009d   0x080051a1   0x00000003   PAD
    0x200000a0   0x080051a4   0x0000000c   Data   RW         4963    .data               foc_calibration.o
    0x200000ac   0x080051b0   0x00000004   Data   RW         5001    .data               sys_m4.o
    0x200000b0   0x080051b4   0x00000054   Data   RW         5071    .data               debug.o
    0x20000104   0x08005208   0x0000000c   Data   RW         5124    .data               mt6816.o
    0x20000110        -       0x00000064   Zero   RW          279    .bss                spi.o
    0x20000174        -       0x0000004c   Zero   RW          322    .bss                tim.o
    0x200001c0        -       0x00000094   Zero   RW          369    .bss                usart.o
    0x20000254        -       0x000002dc   Zero   RW          411    .bss                usb.o
    0x20000530        -       0x00000060   Zero   RW         5414    .bss                c_w.l(libspace.o)
    0x20000590        -       0x00000200   Zero   RW            2    HEAP                startup_stm32g431xx.o
    0x20000790        -       0x00000400   Zero   RW            1    STACK               startup_stm32g431xx.o


==============================================================================

Image component sizes


      Code (inc. data)   RO Data    RW Data    ZI Data      Debug   Object Name

       152         24          0         84          0        723   debug.o
       160         56          0        140          0       1257   foc_app.o
       136         32          8         13          0        920   foc_calibration.o
       220         18          0          0          0       2274   foc_hw.o
       206         14          0          0          0       2002   foc_math.o
        90          6          0          0          0       2008   foc_motor.o
       264          4          0          0          0       2345   foc_pwm.o
        60          0          0          0          0       1446   foc_vf.o
       176         12          0          0          0       1035   gpio.o
       164          0          0          0          0     661713   main.o
       254         28          0         12          0       2819   mt6816.o
       196         22          0          0        100       1769   spi.o
        64         26        472          0       1536        856   startup_stm32g431xx.o
       170         22          0         12          0       4429   stm32g4xx_hal.o
       198         14          0          0          0      34023   stm32g4xx_hal_cortex.o
       118          0          0          0          0       1115   stm32g4xx_hal_dma.o
       452         34          0          0          0       2320   stm32g4xx_hal_gpio.o
        48          6          0          0          0        890   stm32g4xx_hal_msp.o
      2654          0          0          0          0      14208   stm32g4xx_hal_pcd.o
        38          0          0          0          0       1669   stm32g4xx_hal_pcd_ex.o
       220         18          0          0          0       1497   stm32g4xx_hal_pwr_ex.o
      1840         96          0          0          0       8280   stm32g4xx_hal_rcc.o
       664          8          0          0          0       2016   stm32g4xx_hal_rcc_ex.o
       516          6          0          0          0       3672   stm32g4xx_hal_spi.o
      2996        306          0          0          0      20371   stm32g4xx_hal_tim.o
       648         62          0          0          0       9065   stm32g4xx_hal_tim_ex.o
      1644         70         24          0          0      26606   stm32g4xx_hal_uart.o
       286          6         16          0          0       3753   stm32g4xx_hal_uart_ex.o
        56         18          0          0          0       5755   stm32g4xx_it.o
      1098          0          0          0          0       8257   stm32g4xx_ll_usb.o
        26          6          0          4          0       2866   sys_m4.o
        16          4         24          4          0       1175   system_stm32g4xx.o
       460         30          0          0         76       2660   tim.o
       232         24          0          0        148       1862   usart.o
       144         18          0          0        732       1730   usb.o

    ----------------------------------------------------------------------
     16692        990        578        272       2592     839386   Object Totals
         0          0         32          0          0          0   (incl. Generated)
        26          0          2          3          0          0   (incl. Padding)

    ----------------------------------------------------------------------

      Code (inc. data)   RO Data    RW Data    ZI Data      Debug   Library Member Name

         0          0       2052          0          0       6294   arm_common_tables.o
       152         12          0          0          0       1104   arm_cos_f32.o
       144         12          0          0          0       1092   arm_sin_f32.o
         8          0          0          0          0         68   __main.o
       104          0          0          0          0         84   __printf.o
         0          0          0          0          0          0   __rtentry.o
        12          0          0          0          0          0   __rtentry2.o
         6          0          0          0          0          0   __rtentry4.o
        52          8          0          0          0          0   __scatter.o
        26          0          0          0          0          0   __scatter_copy.o
        28          0          0          0          0          0   __scatter_zi.o
        48          6          0          0          0         96   _printf_char_common.o
        36          4          0          0          0         80   _printf_char_file.o
         6          0          0          0          0          0   _printf_d.o
       120         16          0          0          0         92   _printf_dec.o
       178          0          0          0          0         88   _printf_intcommon.o
         0          0          0          0          0          0   _printf_percent.o
         4          0          0          0          0          0   _printf_percent_end.o
        18          0          0          0          0         80   exit.o
         8          0          0          0          0         68   ferror.o
         6          0          0          0          0        152   heapauxi.o
         2          0          0          0          0          0   libinit.o
         6          0          0          0          0          0   libinit2.o
         2          0          0          0          0          0   libshutdown.o
         2          0          0          0          0          0   libshutdown2.o
         8          4          0          0         96         68   libspace.o
       238          0          0          0          0        100   lludivv7m.o
        24          4          0          0          0         84   noretval__2printf.o
        78          0          0          0          0         80   rt_memclr_w.o
         2          0          0          0          0          0   rtexit.o
        10          0          0          0          0          0   rtexit2.o
        74          0          0          0          0         80   sys_stackheap_outer.o
         2          0          0          0          0         68   use_no_semi.o
         2          0          0          0          0         68   use_no_semi_2.o
        10          0          0          0          0        116   fpinit.o

    ----------------------------------------------------------------------
      1418         66       2052          0         96       9962   Library Totals
         2          0          0          0          0          0   (incl. Padding)

    ----------------------------------------------------------------------

      Code (inc. data)   RO Data    RW Data    ZI Data      Debug   Library Name

       296         24       2052          0          0       8490   arm_cortexM4lf_math.lib
      1110         42          0          0         96       1356   c_w.l
        10          0          0          0          0        116   fz_wm.l

    ----------------------------------------------------------------------
      1418         66       2052          0         96       9962   Library Totals

    ----------------------------------------------------------------------

==============================================================================


      Code (inc. data)   RO Data    RW Data    ZI Data      Debug   

     18110       1056       2630        272       2688     834808   Grand Totals
     18110       1056       2630        272       2688     834808   ELF Image Totals
     18110       1056       2630        272          0          0   ROM Totals

==============================================================================

    Total RO  Size (Code + RO Data)                20740 (  20.25kB)
    Total RW  Size (RW Data + ZI Data)              2960 (   2.89kB)
    Total ROM Size (Code + RO Data + RW Data)      21012 (  20.52kB)

==============================================================================

